[   0.0000] nialing cgousuys cse
[    0.000000] Initializing cgroup sbsyspu[   .000] Iitlingcgroupubyspuact   0.0000]Lix vesi 4.0-121enic(buildlc1-md6-04)(g versi 54. 21609 buu 5.4.6ubtu~16.049) #45Ubunu MP riAp 13 3::2UTC 208 Ubtu4.4.-1.1-gneric 4.4.117)
[    0.000000] CComanli: BO_IGE/boot/liz-.4.012geri root=ID540b-265332-be-a323c5c3 ro nse=tt1 nse=tt0    0.000000]ERL suppted cpus:
[    0.000000]   Intel GenuineIntel
[    0.000000]   AMD AuthenticAMD
[    0.000000]   Centaur CentaurHauls
[    0.000000] x86/fpu: xstate_offset[2]:  576, xstate_sizes[2]:  256
[    0.000000] x86/fpu: Supporting XSAVE feature 0x01: 'x87 floating point registers'
[    0.000000] x86/fpu: Supporting XSAVE feature 0x02: 'SSE registers'
[    0.000000] x86/fpu: Supporting XSAVE feature 04 'AV rgite'
[  00000] 86pu Eabled ste atures0x ctext szes 32bytes,usg tandar fma.[   00000]x8fp: Usin 'lazy' FPU context switches.
[    0.000000] e820: BIOS-provided physical RAM map:
[    0000000] BIOS-e820: [mem 0x0000000000000000-0x000000000009fbff] usable
[    0.000000BIS-e80:me 0000000009f000x000000009fff resve
[    0.000000] BIOS-e820: [mem 0x00000000000f0000-0x00000000000fffff] reserved
[   0.00] IOS-20: em0x000000000000x00003fefff] ubl
[    .000 BIOSe8: em0x000003f0000x00003ffff]ACPIda
   0.000 BIOS-e820: [mem 0x00000000fec00000-0x00000000fec00fff] reserved
[    0.000000] BIOS-e820: [mem 0x00000000fee00000-0x00000000fee00fff] reserved
[    0.000000] BIOS-e820: [mem 0x00000000fffc0000-0x00000000ffffffff] reserved
[    0.000000] NX (Execute Disable) protection: acive
[  .0000]SMOS.5 pse.
[   0.000]yperisr teted:KV
   0000000 e0:ast_fn 0x3f0 mx_chfn = x40000
[   0000] TR Dabled[  000000 x/PT: MRRdibled sppg PAT itliatin o.
[    .000] PU MTRRs all blank - virtualized system.
[    0.000000] x86/PAT: Configuration [0-7]: WB  WT  UC- UC  WB  WT  UC- UC  
[    0.000000] found SMP MP-table at [mem0x09f0-0x009ffmappd t fff800009ff0
   0.0000Scnnin1 easfor lomeor crrtin[   0.000]AMDI: me0x361f000x0f1f]   0.000 API: ary table ecsum ricaion isle
[   00000 ACP RP x0000000E0000024v0 VBO  
  0.0000ACI: XT 000000FF300000C 01BOX VBXXDT0000001 L 000061
[  0.0000ACI: FAC0x0000FF0F 0000F (4 OX   OXCP0000001 L 000061)
   000000] ACPI: DSDT 0x000000003FFF0470 0021FF (v02 VBOX   VBOXBIOS 00000002 INTL 20100528)
[    0.000000] ACPI: FACS 0x000000003FFF0200 000040
[    0.000000] ACPI: FACS 0x00000000FFF00 000
[  00000] CP AIC0x000003F024 005(v02VBX  VXAPI 00001ASL  0001)
[   .000] ACI:SD0x000000FF2A0 001C(v VBO  BOPUT 00002 TL20152
   0.000 No UMA cnfurion fond[   0.000]Faing  ne  [mem 0x00000000000x000003fff]
[  00000] NE_TA(0)allocte[m 0x3fe000-0ffffff
[    0.000000] kvm-clock: Using msrs 4b564d01 and 4b564d00
[    0.000000] kvm-clock: cpu 0, msr 0:3ffe3001, primary cpu clock
[    0.000000] kvm-clock: using sched offset of 3183884514 cycles
[    0.000000] clocksource: kvm-clock: mask: 0xffffffffff m_cycles: 0x1cd42e4db,axidlens88905948ns
[   0000] Zon rge
[   0000]   A   [memx000000000000x0000000ffff][   0.000]  DM32  em 0x000000000000x00003fff]
[  .00000  Noal empty
[  00000] Dece  mpy[   0.000]ovab ze tartoreah od
[  .00000]ar memo ne anges
[    0.000000]   node   0: [mem 0x0000000000001000-0x000000000009efff
  .00000  od  0:[m 00000001000-0x00000fefff
  0.00000]niem supode 0 me 000000000000x00003fefff]   0.00] CPI: P-TerO Pot:x48
[  0.0000 IOAIC0]apc_id 2, version 32, address 0xfec00000, GSI 0-23
[    0.000000] ACPI: INT_SRC_OVR (bus 0 bus_irq 0 global_irq 2 dfl dfl)
[    0.000000] ACPI: INT_SRC_OVR (bus 0 bus_irq 9 global_irq 9 low level)
[    0.000000] Using ACPI (MADT) for SMP configuration information
[    0.000000] smpboot: Allowing 2 CPUs, 0 hotplug CPUs
[    0.000000] PM: Registered nosave memory: [mem 0x00000000-0x00000fff]
[    0.000000] PM: Registered nosave memory: [mem 0x0009f000-0x009ff]
[  0.0000 PM: Reisrenoave memory:me0x00a000x0effff][   0000]PM: Restednosae moy:[mem0x0f0000x00fff]
[   0000]e820 [emx400000xffffff available for PCI devices
[    0.000000] Booting paravirtualized kernel on KVM
[    0.000000] losorc: refinejiffies: mask: 0xffffffff max_cycles 0ffffffmaide_s:645160015 n
[   0000] et_prcu: NCP:52 nr_cpuskit:512r_puid:2 nno_is:1  0.0000 PCPU: Emedd  pags/u fff800c000s9954 19 d3152u1486
[    0000] PVqspinlocha tble enri: 56(order 0 46 ytes
[  .00000But 1 znestin Nodorr,moliy ropingon Tal pags:572
[  00000 Pli zne: DM32
  0.0000 Knel omanlie: BOOT_IMAGE=/oovmnuz-4..012geericrot=IDc549b920-4332be-a323c5cb3 ro console=tty1 console=ttyS0
[    0.000000] PID hash table entries: 4096 (order: 3, 32768 bytes)
[    0.000000] Memory: 997172K/1048120K available (8532K kernel code, 1313K rwdata, 3996K rodata, 1508K init, 1316K bss, 50948K reserved, 0K cma-reserved)
[    0.000000] SLUB: HWalign=64, Order=0-3, MinObjects=0, CPUs=2, Nodes=1
[    0.000000] Kernel/User page tables isolation: enabled
[    0.000000] Hierarchical RCU implementation.
[    0.000000] 	Build-timadstent oflef not to64
[  0.000] 	RCU restricting CPUs from NR_CPUS=512 to nr_cpu_ids=2.
[    0.000000] RCU: Adjusting geometry for rcu_fanout_leaf=64, nr_cpu_ids=2
[    0.000000] NR_IRQS:33024 nr_irqs:440 16
[    0.00000 Consoe:olr VGA+ x2
[   00000] onole tt] naled[  0.00000 cnsle ttyS] naled
[   0.000000] tsc: Detected 3600.002 MHz processor
[   13.908917] Calibrating delay loop (skipped) preset value.. 7200.00 BogoMIPS (lpj=14400008)
[   13.916267] pid_max: default: 32768 minimum: 301
[   13.938555] ACPI: Core revision 20150930
[   14.029884] ACPI: 2 ACPI AML tables successfully acquired and loaded
[   14.158486] Security Framework initialized
[   14.253715] Yama: becoming mindful.
[   14.334101] AppArmor: AppArmor initialized
[   14.362647] Dentry cache hash table entries: 131072 (order: 8, 1048576 bytes)
[   14.398657] Inode-cache hash table entries: 65536 (order: 7, 524288 bytes)
[   14.557380] Mount-cache hash table entries: 2048 (order: 2, 16384 bytes)
[   14.703636] Mountpoint-cache hash table entries: 2048 (order: 2, 16384 bytes)
[   14.846837] Initializing cgroup subsys io
[   14.909612] Initializing cgroup subsys memory
[   14.974228] Initializing cgroup subsys devices
[   15.070211] Initializing cgroup subsys freezer
[   15.154468] Initializing cgroup subsys net_cls
[   15.266229] Initializing cgroup subsys perf_event
[   15.378017] Initializing cgroup subsys net_prio
[   15.490720] Initializing cgroup subsys hugetlb
[   15.606457] Initializing cgroup subsys pids
[   15.656909] CPU: Physical Processor ID: 0
[   15.740175] CPU: Processor Core ID: 0
[   15.817921] FEATURE SPEC_CTRL Not Present
[   15.919004] mce: CPU supports 0 MCE banks
[   16.019316] Last level iTLB entries: 4KB 64, 2MB 8, 4MB 8
[   16.145884] Last level dTLB entries: 4KB 64, 2MB 0, 4MB 0, 1GB 4
[   16.293997] Spectre V2 mitigation: Mitigation: Full generic retpoline
[   16.352861] Spectre V2 mitigation: Speculation control IBPB not-supported IBRS not-supported
[   16.355834] Spectre V2 mitigation: Filling RSB on context switch
[   16.358292] Freeing SMP alternatives memory: 32K
[   16.456730] ftrace: allocating 32202 entries in 126 pages
[   16.648491] smpboot: APIC(0) Converting physical 0 to logical package 0
[   16.789974] smpboot: Max logical packages: 1
[   16.886099] x2apic enabled
[   16.945796] Switched APIC routing to physical x2apic.
[   17.042315] ..TIMER: vector=0x30 apic1=0 pin1=2 apic2=-1 pin2=-1
[ 17.306380] smpboot: CPU0: Intel(R) Core(TM) i7-7700 CPU @ 3.60GHz (family: 0x6, model: 0x9e, stepping: 0x9)
[   17.566020] Performance Events: unsupported p6 CPU model 158 no PMU driver, software events only.
[   17.568893] KVM setup paravirtual spinlock
[   17.570025] x86: Booting SMP configuration:
[   17.674463] .... node  #0, CPUs:      #1
[   17.741033] kvm-clock: cpu 1, msr 0:3ffe3041, secondary cpu clock
[   17.788862] mce: CPU supports 0 MCE banks
[   17.853176] x86: Booted up 1 node, 2 CPUs
[   17.908501] smpboot: Total of 2 processors activated (14400.00 BogoMIPS)
[   17.918283] devtmpfs: initialized
[   17.992792] evm: security.selinux
[   18.066741] evm: security.SMACK64
[   18.127416] evm: security.SMACK64EXEC
[   18.181369] evm: security.SMACK64TRANSMUTE
[   18.278918] evm: security.SMACK64MMAP
[   18.371156] evm: security.ima
[   18.425851] evm: security.capability
[   18.477653] clocksource: jiffies: mask: 0xffffffff max_cycles: 0xffffffff, max_idle_ns: 7645041785100000 ns
[   18.663426] futex hash table entries: 512 (order: 3, 32768 bytes)
[   18.778011] pinctrl core: initialized pinctrl subsystem
[   18.893636] RTC time: 13:12:28, date: 05/02/18
[   18.894409] NET: Registered protocol family 16
[   19.010583] cpuidle: using governor ladder
[   19.102076] cpuidle: using governor menu
[   19.162537] PCCT header not found.
[   19.163100] ACPI: bus type PCI registered
[   19.235506] acpiphp: ACPI Hot Plug PCI Controller Driver version: 0.5
[   19.308144] PCI: Using configuration type 1 for base access
[   19.395629] ACPI: Added _OSI(Module Device)
[   19.500318] ACPI: Added _OSI(Processor Device)
[   19.595398] ACPI: Added _OSI(3.0 _SCP Extensions)
[   19.695357] ACPI: Added _OSI(Processor Aggregator Device)
[   19.804840] ACPI: Executed 1 blocks of module-level executable AML code
[   19.944096] ACPI: Interpreter enabled
[   19.965340] ACPI: (supports S0 S5)
[   20.034174] ACPI: Using IOAPIC for interrupt routing
[   20.163354] PCI: Using host bridge windows from ACPI; if necessary, use "pci=nocrs" and report a bug
[   20.271849] ACPII PCI Root Bridge [PCI0] (domain 0000 [bus 00-ff])
[   20.414972] acpi PNP0A03:00: _OSC: OS supports [ASPM ClockPM Segments MSI]
[   20.562674] acpi PNP0A03:00: _OSC: not requesting OS control; OS requires [ExtendedConfig ASPM ClockPM MSI]
[   20.628606] acpi PNP0A03:00: fail to add MMCONFIG information, can't access extended PCI configuration space under this bridge.
[   20.872808] PCI host bridge to bus 0000:00
[   20.949696] pci_bus 0000:00: root bus resource [io  0x0000-0x0cf7 window]
[   21.105098] pci_bus 0000:00: root bus resource [io  0x0d00-0xffff window]
[   21.248368] pci_bus 0000:00: root bus resource [mem 0x000a0000-0x000bffff window]
[   21.403779] pci_bus 0000:00: root bus resource [mem 0x40000000-0xfdffffff window]
[   21.549636] pci_bus 0000:00: root bus resource [bus 00-ff]
[   21.686919] pci 0000:00:01.1: legacy IDE quirk: reg 0x10: [io  0x01f0-0x01f7]
[   21.836115] pci 0000:00:01.1: legacy IDE quirk: reg 0x14: [io  0x03f6]
[   21.995093] pci 0000:00:01.1: legacy IDE quirk: reg 0x18: [io  0x0170-0x0177]
[   22.039408] pci 0000:00:01.1: legacy IDE quirk: reg 0x1c: [io  0x0376]
[   22.125239] pci 0000:00:07.0: quirk: [io  0x4000-0x403f] claimed by PIIX4 ACPI
[   22.277932] pci 0000:00:07.0: quirk: [io  0x4100-0x410f] claimed by PIIX4 SMB
[   22.387328] ACPI: PCI Interrupt Link [LNKA] (IRQs 5 9 10 *11)
[   22.454605] ACPI: PCI Interrupt Link [LNKB] (IRQs 5 9 *10 11)
[   22.535434] ACPI: PCI Interrupt Link [LNKC] (IRQs 5 *9 10 11)
[   22.647105] ACPI: PCI Interrupt Link [LNKD] (IRQs 5 9 10 *11)
[   22.663940] ACPI: Enabled 2 GPEs in block 00 to 07
[   22.759222] vgaarb: setting as boot device: PCI:0000:00:02.0
[   22.871031] vgaarb: device added: PCI:0000:00:02.0,decodes=io+mem,owns=io+mem,locks=none
[   23.037244] vgaarb: loaded
[   23.104721] vgaarb: bridge control possible 0000:00:02.0
[   23.216990] SCSI subsystem initialized
[   23.301811] ACPI: bus type USB registered
[   23.368456] usbcore: registered new interface driver usbfs
[   23.467709] usbcore: registered new interface driver hub
[   23.560411] usbcore: registered new device driver usb
[   23.677534] PCI: Using ACPI for IRQ routing
[   23.763912] NetLabel: Initializing
[   23.811981] NetLabel:  domain hash size = 128
[   23.867131] NetLabel:  protocols = UNLABELED CIPSOv4
[   23.966680] NetLabel:  unlabeled traffic allowed by default
[   24.080463] amd_nb: Cannot enumerate AMD northbridges
[   24.160596] clocksource: Switched to clocksource kvm-clock
[   24.88] pAor AArr lest Ebld   27544pn P AI it[ 251371pn P AI:ou 3eves
[   25.636606] clocksource: acpi_pm: mask: 0xffffff max_cycles: 0xffffff, max_idle_ns: 2085701024 ns
[   25.656291] NET: Registered protocol family 2
[   25.658375] TCP established hash table entries: 8192 (order: 4, 65536 bytes)
[   25.662030] TCP bind hash table entries: 8192 (order: 5, 131072 bytes)
[   25.801333] TCP: Hash tables configured (established 8192 bind 8192)
[   25.923251] UDP hash table entries: 512 (order: 2, 16384 bytes)
[   26.025109] UDP-Lite hash table entries: 512 (order: 2, 16384 bytes)
[   26.122171] NET: Registered protocol family 1
[   26.122758] pci 0000:00:00.0: Limiting direct PCI/PCI transfers
[   26.123484] pci 0000:00:01.0: Activating ISA DMA hang workarounds
[   26.179426] Unpacking initramfs...
[   26.403085] Freeing initrd memory: 15352K
[   26.486762] platform rtc_cmos: registered platform RTC device (no PNP device found)
[   26.606131] Scanning for low memory corruption every 60 seconds
[   26.707095] audit: initializing netlink subsys (disabled)
[   26.812925] audit: type=2000 audit(1525266737.366:1): initialized
[   26.933170] Initialise system trusted keyring
[   26.975589] HugeTLB registered 2 MB page size, pre-allocated 0 pages
[   27.106354] zbud: loaded
[   27.146951] VFS: Disk quotas dquot_6.6.0
[   27.190743] VFS: Dquot-cache hash table entries: 512 (order 0, 4096 bytes)
[   27.191895] squashfs: version 4.0 (2009/01/31) Phillip Lougher
[   27.192872] fuse init (API version 7.23)
[   27.213322] Key type big_key registered
[   27.214009] Allocating IMA MOK and blacklist keyrings.
[   27.215853] Key type asymmetric registered
[   27.252092] Asymmetric key parser 'x509' registered
[   27.252814] Block layer SCSI generic (bsg) driver version 0.4 loaded (major 249)
[   27.365519] io scheduler noop registered
[   27.415926] io scheduler deadline registered (default)
[   27.512937] tsc: Refined TSC clocksource calibration: 3597.547 MHz
[   27.637509] clocksource: tsc: mask: 0xffffffffffffffff max_cycles: 0x33db4685142, max_idle_ns: 440795326507 ns
[   27.639969] io scheduler cfq registered
[   27.712433] pci_hotplug: PCI Hot Plug PCI Core version: 0.5
[   27.837544] pciehp: PCI Express Hot Plug Controller Driver version: 0.4
[   27.838424] ACPI: AC Adapter [AC] (on-line)
[   27.839018] input: Power Button as /devices/LNXSYSTM:00/LNXPWRBN:00/input/input0
[   27.846922] ACPI: Power Button [PWRF]
[   27.847522] input: Sleep Button as /devices/LNXSYSTM:00/LNXSLPBN:00np/iut
[   8.29] PISlp BuonSL]
[   24093GH: STs otenabled!
[   28.721908] Serial: 8250/16550 driver, 32 ports, IRQ sharing enabled
[   28.895642] 00:02: ttyS0 at I/O 0x3f8 (irq = 4, base_baud = 115200) is a 16550A
[   29.085903] Linux agpgart interface v0.103
[   29.168525] loop: module loaded
[   29.231580] scsi host0: ata_piix
[   29.241088] scsi host1: ata_piix
[   29.241592] ata1: PATA max UDMA/33 cmd 0x1f0 ctl 0x3f6 bmdma 0xd000 irq 14
[   29.242457] ata2: PATA max UDMA/33 cmd 0x170 ctl 0x376 bmdma 0xd008 irq 15
[   29.366744] libphy: Fixed MDIO Bus: probed
[   29.440008] tun: Universal TUN/TAP device driver, 1.6
[   29.526715] tun: (C) 1999-2004 Max Krasnyansky <maxk@qualcomm.com>
[   29.529461] PPP generic driver version 2.4.2
[   29.530184] ehci_hcd: USB 2.0 'Enhanced' Host Controller (EHCI) Driver
[   29.531127] ehci-pci: EHCI PCI platform driver
[   29.531713] ehci-platform: EHCI generic platform driver
[   29.532393] ohci_hcd: USB 1.1 'Open' Host Controller (OHCI) Driver
[   29.533310] ohci-pci: OHCI PCI platform driver
[   29.533928] ohci-platform: OHCI generic platform driver
[   29.534594] uhci_hcd: USB Universal Host Controller Interface driver
[   29.535380] i8042: PNP: PS/2 Controller [PNP0303:PS2K,PNP0f03:PS2M] at 0x60,0x64 irq 1,12
[   29.538432] serio: i8042 KBD port at 0x60,0x64 irq 1
[   29.539166] serio: i8042 AUX port at 0x60,0x64 irq 12
[   29.582533] mousedev: PS/2 mouse device common for all mice
[   29.583484] rtc_cmos rtc_cmos: rtc core: registered rtc_cmos as rtc0
[   29.584337] rtc_cmos rtc_cmos: alarms up to one day, 114 bytes nvram
[   29.585211] i2c /dev entries driver
[   29.585758] device-mapper: uevent: version 1.0.3
[   29.586466] device-mapper: ioctl: 4.34.0-ioctl (2015-10-28) initialised: dm-devel@redhat.com
[   29.607483] input: AT Translated Set 2 keyboard as /devices/platform/i8042/serio0/input/input2
[   29.615633] ledtrig-cpu: registered to indicate activity on CPUs
[   29.617020] NET: Registered protocol family 10
[   29.617813] NET: Registered protocol family 17
[   29.632360] Key type dns_resolver registered
[   29.701128] registered taskstats version 1
[   29.712460] Loading compiled-in X.509 certificates
[   29.751367] Loaded X.509 cert 'Build time autogenerated kernel key: 1980cda84f1f26b64be4db6155d00e7fd6d05190'
[   29.918720] zswap: loaded using pool lzo/zbud
[   29.982905] Key type trusted registered
[   29.989909] Key type encrypted registered
[   30.079751] AppArmor: AppArmor sha1 policy hashing enabled
[   30.099522] ima: No TPM chip found, activating TPM-bypass!
[   30.190884] evm: HMAC attrs: 0x1
[   30.212099]   Magic number: 2:688:229
[   30.221251] rtc_cmos rtc_cmos: setting system clock to 2018-05-02 13:12:39 UTC (1525266759)
[   30.247609] BIOS EDD facility v0.16 2004-Jun-25, 0 devices found
[   30.370782] EDD information not available.
[   30.404085] Freeing unused kernel memory: 1508K
[   30.460630] Write protecting the kernel read-only data: 14336k
[   30.570857] Freeing unused kernel memory: 1696K
[   30.689215] Freeing unused kernel memory: 100K
Loading, please [   30.794710] random: systemd-udevd: uninitialized urandom read (16 bytes read, 7 bits of entropy available)
wait...
startin[   30.795059] random: udevadm: uninitialized urandom read (16 bytes read, 7 bits of entropy available)
g version 229
[   30.795071] random: udevadm: uninitialized urandom read (16 bytes read, 7 bits of entropy available)
[   30.801234] random: udevadm: uninitialized urandom read (16 bytes read, 7 bits of entropy available)
[   30.801274] random: udevadm: uninitialized urandom read (16 bytes read, 7 bits of entropy available)
[   30.801366] random: udevadm: uninitialized urandom read (16 bytes read, 7 bits of entropy available)
[   30.801409] random: udevadm: uninitialized urandom read (16 bytes read, 7 bits of entropy available)
[   30.801452] random: udevadm: uninitialized urandom read (16 bytes read, 7 bits of entropy available)
[   30.801483] random: udevadm: uninitialized urandom read (16 bytes read, 7 bits of entropy available)
[   30.801534] random: udevadm: uninitialized urandom read (16 bytes read, 7 bits of entropy available)
[   31.415372] e1000: Intel(R) PRO/1000 Network Driver - version 7.3.21-k8-NAPI
[   31.452775] e1000: Copyright (c) 1999-2006 Intel Corporation.
[   31.455650] Fusion MPT base driver 3.04.20
[   31.523360] Copyright (c) 1999-2008 LSI Corporation
[   31.619006] Fusion MPT SPI Host driver 3.04.20
[   31.676715] input: ImExPS/2 Generic Explorer Mouse as /devices/platform/i8042/serio1/input/input4
[   31.861580] AVX2 version of gcm_enc/dec engaged.
[   31.894206] AES CTR mode by8 optimization enabled
[   31.957865] e1000 0000:00:03.0 eth0: (PCI:33MHz:32-bit) 02:a0:c7:70:80:b4
[   31.957868] e1000 0000:00:03.0 eth0: Intel(R) PRO/1000 Network Connection
[   32.001511] mptbase: ioc0: Initiating bringup
[   32.065084] ioc0: LSI53C1030 A0: Capabilities={Initiator}
[   32.498557] scsi host2: ioc0: LSI53C1030 A0, FwRev=00000000h, Ports=1, MaxQ=256, IRQ=20
[   32.624913] scsi 2:0:0:0: Direct-Access     VBOX     HARDDISK         1.0  PQ: 0 ANSI: 5
[   32.698644] scsi target2:0:0: Beginning Domain Validation
[   32.702141] scsi target2:0:0: Domain Validation skipping write tests
[   32.702948] scsi target2:0:0: Ending Domain Validation
[   32.703656] scsi target2:0:0: asynchronous
[   32.704759] scsi 2:0:1:0: Direct-Access     VBOX     HARDDISK         1.0  PQ: 0 ANSI: 5
[   32.749981] scsi target2:0:1: Beginning Domain Validation
[   32.758707] scsi target2:0:1: Domain Validation skipping write tests
[   32.761615] scsi target2:0:1: Ending Domain Validation
[   32.764598] scsi target2:0:1: asynchronous
[   32.793181] sd 2:0:0:0: Attached scsi generic sg0 type 0
[   32.811880] sd 2:0:0:0: [sda] 20971520 512-byte logical blocks: (10.7 GB/10.0 GiB)
[   32.814236] sd 2:0:0:0: [sda] Write Protect is off
[   32.817198] sd 2:0:0:0: [sda] Incomplete mode parameter data
[   32.817954] sd 2:0:0:0: [sda] Assuming drive cache: write through
[   32.874395] sd 2:0:1:0: Attached scsi generic sg1 type 0
[   32.879348] sd 2:0:1:0: [sdb] 20480 512-byte logical blocks: (10.5 MB/10.0 MiB)
[   32.892397] sd 2:0:1:0: [sdb] Write Protect is off
[   32.896975] sd 2:0:1:0: [sdb] Incomplete mode parameter data
[   32.896976] sd 2:0:1:0: [sdb] Assuming drive cache: write through
[   32.943680]  sda: sda1
[   32.944178] sd 2:0:0:0: [sda] Attached SCSI disk
[   32.944272] sd 2:0:1:0: [sdb] Attached SCSI disk
[   33.069067] e1000 0000:00:08.0 eth1: (PCI:33MHz:32-bit) 08:00:27:de:86:b5
[   33.069071] e1000 0000:00:08.0 eth1: Intel(R) PRO/1000 Network Connection
[   33.095648] e1000 0000:00:08.0 enp0s8: renamed from eth1
[   33.420992] e1000 0000:00:03.0 enp0s3: renamed from eth0
Begin: Loading e[   34.760636] md: linear personality registered for level -1
ssential drivers ... [   34.904088] md: multipath personality registered for level -4
[   34.913366] md: raid0 personality registered for level 0
[   34.993176] md: raid1 personality registered for level 1
[   35.077244] raid6: sse2x1   gen() 12238 MB/s
[   35.232621] raid6: sse2x1   xor()  9871 MB/s
[   35.412602] raid6: sse2x2   gen() 16481 MB/s
[   35.580602] raid6: sse2x2   xor() 10298 MB/s
[   35.729456] raid6: sse2x4   gen() 18198 MB/s
[   35.872606] raid6: sse2x4   xor() 11845 MB/s
[   36.008744] raid6: avx2x1   gen() 26075 MB/s
[   36.089140] raid6: avx2x2   gen() 28112 MB/s
[   36.229416] raid6: avx2x4   gen() 32159 MB/s
[   36.326238] raid6: using algorithm avx2x4 gen() 32159 MB/s
[   36.426197] raid6: using avx2x2 recovery algorithm
[   36.536735] xor: automatically using best checksumming function:
[   36.660625]    avx       : 21938.000 MB/sec
[   36.748188] async_tx: api initialized (async)
[   36.812676] md: raid6 personality registered for level 6
[   36.917460] md: raid5 personality registered for level 5
[   36.936315] md: raid4 personality registered for level 4
[   36.975025] md: raid10 personality registered for level 10
done.
Begin: Running[   37.023848] Btrfs loaded
 /scripts/init-p[   37.094054] EXT4-fs (sda1): INFO: recovery required on readonly filesystem
remount ... done.
Begin: Mounting root file system ... Begin: R[   37.107950] EXT4-fs (sda1): write access will be enabled during recovery
unning /scripts/local-top ... done.
Begin: Running /scripts/local-premount ... [   37.254975] EXT4-fs (sda1): recovery complete
Scanning for Btrfs filesystems
done.
Warning: [   37.260810] EXT4-fs (sda1): mounted filesystem with ordered data mode. Opts: (null)
fsck not present, so skipping root file system
done.
Begin: Running /scripts/local-bottom ... done.
Begin: Running /scripts/init-bottom ... done.
[   37.338455] systemd[1]: systemd 229 running in system mode. (+PAM +AUDIT +SELINUX +IMA +APPARMOR +SMACK +SYSVINIT +UTMP +LIBCRYPTSETUP +GCRYPT +GNUTLS +ACL +XZ -LZ4 +SECCOMP +BLKID +ELFUTILS +KMOD -IDN)
[   37.502828] systemd[1]: Detected virtualization oracle.
[   37.503485] systemd[1]: Detected architecture x86-64.

Welcome to [1mUbuntu 16.04.4 LTS[0m!

[   37.537484] systemd[1]: Set hostname to <srv00mntr>.
[   37.667556] random: nonblocking pool is initialized
[   37.815424] systemd[1]: Reached target User and Group Name Lookups.
[[0;32m  OK  [0m] Reached target User and GrouppName Lookups.
[   37.948650] systemd[1]: Listening on udev Control Socket.
[[0;32m  OK  [0m] Listening on udev Control Socket.
[   38.121598] systemd[1]: Listening on LVM2 metadata daemon socket.
[[0;32m  OK  [0m] Listening on LVM2 metadata daemon socket.
[   38.148889] systemd[1]: Listening on Journal Audit Socket.
[[0;32m  OK  [0m] Listening on Journal Audit Socket.
[   38.312756] systemd[1]: Listening on Device-mapper event daemon FIFOs.
[[0;32m  OK  [0m] Listening on Device-mapper event daemon FIFOs.
[   38.433247] systemd[1]: Listening on Journal Socket.
[[0;32m  OK  [0m] Listening on Journal Socket.
[   38.554108] systemd[1]: Set up automount Arbitrary Executable File Formats File System Automount Point.
[[0;32m  OK  [0m] Set up automount Arbitrary Executab...ats File System Automount Point.
[   38.761943] systemd[1]: Reached target Encrypted Volumes.
[[0;32m  OK  [0m] Reached target Encrypted Volumes.
[   38.797054] systemd[1]: Listening on LVM2 poll daemon socket.
[[0;32m  OK  [0m] Listening on LVM2 poll daemon socket.
[   38.937438] systemd[1]: Started Trigger resolvconf update for networkd DNS.
[[0;32m  OK  [0m] Started Trigger resolvconf update for networkd DNS.
[   39.153146] systemd[1]: Reached target Swap.
[[0;32m  OK  [0m] Reached target Swap.
[   39.193327] systemd[1]: Started Forward Password Requests to Wall Directory Watch.
[[0;32m  OK  [0m] Started Forward Password Requests to Wall Directory Watch.
[   39.381928] systemd[1]: Created slice User and Session Slice.
[[0;32m  OK  [0m] Created slice User and Session Slice.
[   39.525214] systemd[1]: Listening on Journal Socket (/dev/log).
[[0;32m  OK  [0m] Listening on Journal Socket (/dev/log).
[   39.608756] systemd[1]: Listening on /dev/initctl Compatibility Named Pipe.
[[0;32m  OK  [0m] Listening on /dev/initctl Compatibility Named Pipe.
[   39.757485] systemd[1]: Created slice System Slice.
[[0;32m  OK  [0m] Created slice System Slice.
[   39.810120] systemd[1]: Mounting POSIX Message Queue File System...
         Mounting POSIX Message Queue File System...
[   39.976937] systemd[1]: Reached target Slices.
[[0;32m  OK  [0m] Reached target Slices.
[   40.020698] systemd[1]: Mounting Huge Pages File System...
         Mounting Huge Pages File System...
[   40.144683] systemd[1]: Starting Monitoring of LVM2 mirrors, snapshots etc. using dmeventd or progress polling...
         Starting Monitoring of LVM2 mirrors... dmeventd or progress polling...
[   40.357389] systemd[1]: Starting Create list of required static device nodes for the current kernel...
         Starting Create list of required st... nodes for the current kernel...
[   40.421867] systemd[1]: Starting Set console keymap...
         Starting Set console keymap...
[   40.470067] systemd[1]: Starting Remount Root and Kernel File Systems...
[   40.472545] EXT4-fs (sda1): re-mounted. Opts: (null)
         Starting Remount Root and Kernel File Systems...
[   40.573077] systemd[1]: Mounting Debug File System...
         Mounting Debug File System...
[   40.704871] systemd[1]: Starting Nameserver information manager...
         Starting Nameserver information manager...
[   40.861136] systemd[1]: Starting Uncomplicated firewall...
         Starting Uncomplicated firewall...
[   41.006311] systemd[1]: Created slice system-serial\x2dgetty.slice.
[[0;32m  OK  [0m] Created slice system-serial\x2dgetty.slice.
[   41.153017] systemd[1]: Starting Load Kernel Modules...
[ 41238]oangSC tnsrtla v0-0.
         Startin[   41.816148] iscsi: registered transport (tcp)
g Load Kernel Modules...
[   41.916624] iscsi: registered transport (iser)
[   41.921167] systemd[1]: Listening on Syslog Socket.
[[0;32m  OK  [0m] Listening on Syslog Socket.
[   42.105105] systemd[1]: Starting Journal Service...
         Starting Journal Service...
[   42.177285] systemd[1]: Listening on udev Kernel Socket.
[[0;32m  OK  [0m] Listening on udev Kernel Socket.
[   42.241817] systemd[1]: Mounted Debug File System.
[[0;32m  OK  [0m] Mounted Debug File System.
[   42.285586] systemd[1]: Mounted POSIX Message Queue File System.
[[0;32m  OK  [0m] Mounted POSIX Message Queue File System.
[   42.409206] systemd[1]: Mounted Huge Pages File System.
[[0;32m  OK  [0m] Mounted Huge Pages File System.
[   42.481157] systemd[1]: Started Journal Service.
[[0;32m  OK  [0m] Started Journal Service.
[[0;32m  OK  [0m] Started Create list of required sta...ce nodes for the current kernel.
[[0;32m  OK  [0m] Started Set console keymap.
[[0;32m  OK  [0m] Started Remount Root and Kernel File Systems.
[[0;32m  OK  [0m] Started Uncomplicated firewall.
[[0;32m  OK  [0m] Started Load Kernel Modules.
[[0;32m  OK  [0m] Started Nameserver information manager.
[[0;32m  OK  [0m] Started LVM2 metadata daemon.
         Starting Apply Kernel Variables...
         Mounting FUSE Control File System...
         Starting Initial cloud-init job (pre-networking)...
         Starting Load/Save Random Seed...
         Starting udev Coldplug all Devices...
         Starting Create Static Device Nodes in /dev...
         Starting Flush Journal to Persistent Storage...
[[0;32m  OK  [0m] Mounted FUSE Control File System.
[[0;32m  OK  [0m] Started Apply Kernel Variables.
[[0;32m  OK  [0m] Started Load/Save Random Seed.
[[0;32m  OK  [0m] Started Create Static Device Nodes in /dev.
[[0;32m  OK  [0m] Started Monitoring of LVM2 mirrors,...ng dmeventd or progress polling.
[[0;32m  OK  [0m] Started udev Coldplug all Devices.
[[0;32m  OK  [0m] Started Flush Journal to Persistent Storage.
         Starting udev Kernel Device Manager...
[   20.304162] cloud-init[450]: Cloud-init v. 17.2 running 'init-local' at Wed, 02 May 2018 13:12:52 +0000. Up 20.13 seconds.
[[0;32m  OK  [0m] Started udev Kernel Device Manager.
[[0;32m  OK  [0m] Started Initial cloud-init job (pre-networking).
[[0;32m  OK  [0m] Found device /dev/ttyS0.
[[0;32m  OK  [0m] Listening on Load/Save RF Kill Switch Status /dev/rfkill Watch.
[[0;32m  OK  [0m] Reached target Network (Pre).
[[0;32m  OK  [0m] Started Dispatch Password Requests to Console Directory Watch.
[[0;32m  OK  [0m] Reached target Local File Systems (Pre).
[[0;32m  OK  [0m] Reached target Local File Systems.
         Starting Set console font and keymap...
         Starting LSB: AppArmor initialization...
         Starting Create Volatile Files and Directories...
         Starting Tell Plymouth To Write Out Runtime Data...
[[0;32m  OK  [0m] Started Set console font and keymap.
[[0;32m  OK  [0m] Started Create Volatile Files and Directories.
[[0;32m  OK  [0m] Started Tell Plymouth To Write Out Runtime Data.
[[0;32m  OK  [0m] Reached target System Time Synchronized.
         Starting Update UTMP about System Boot/Shutdown...
[[0;32m  OK  [0m] Created slice system-getty.slice.
[[0;32m  OK  [0m] Started LSB: AppArmor initialization.
         Starting Raise network interfaces...
[[0;32m  OK  [0m] Started ifup for enp0s3.
[[0;32m  OK  [0m] Started ifup for enp0s8.
[[0;32m  OK  [0m] Started Update UTMP about System Boot/Shutdown.
[[0;32m  OK  [0m] Started Raise network interfaces.
         Starting Initial cloud-init job (metadata service crawler)...
[[0;32m  OK  [0m] Reached target Network.
[   23.414432] cloud-init[1041]: Cloud-init v. 17.2 running 'init' at Wed, 02 May 2018 13:12:55 +0000. Up 23.19 seconds.
[   23.592956] cloud-init[1041]: ci-info: ++++++++++++++++++++++++++++++++++++++Net device info++++++++++++++++++++++++++++++++++++++
[   23.593164] cloud-init[1041]: ci-info: +--------+------+-----------------------------+---------------+-------+-------------------+
[[0;32m  OK  [0m] Started Initial cloud-init job (metadata service crawler).
[   23.593242] cloud-init[1041]: ci-info: | Device |  Up  |           Address           |      Mask     | Scope |     Hw-Address    |
[   24.284441] cloud-init[1041]: ci-info: +--------+------+-----------------------------+---------------+-------+-------------------+
[   24.284628] cloud-init[1041]: ci-info: | enp0s3 | True |          10.0.2.15          | 255.255.255.0 |   .   | 02:a0:c7:70:80:b4 |
[[0;32m  OK  [0m] Reached target System Initialization.
[   24.284747] cloud-init[1041]: ci-info: | enp0s3 | True |  fe80::a0:c7ff:fe70:80b4/64 |       .       |  link | 02:a0:c7:70:80:b4 |
[   24.924561] cloud-init[1041]: ci-info: | enp0s8 | True |          10.1.0.112         | 255.255.255.0 |   .   | 08:00:27:de:86:b5 |
[   24.924772] cloud-init[1041]: ci-info: | enp0s8 | True | fe80::a00:27ff:fede:86b5/64 |       .       |  link | 08:00:27:de:86:b5 |
         Starting Docker Socket for the API.
[[   24.924894] cloud-init[1041]: ci-info: |   lo   | True |          127.0.0.1          |   255.0.0.0   |   .   |         .         |
[   25.452611] cloud-init[1041]: ci-info: |   lo   | True |           ::1/128           |       .       |  host |         .         |
[0;32m  OK  [0m] Listening on UUID daemon activation socket.
[[   25.452682] cloud-init[1041]: ci-info: +--------+------+-----------------------------+---------------+-------+-------------------+
[   25.968913] cloud-init[1041]: ci-info: +++++++++++++++++++++++++++Route IPv4 info++++++++++++++++++++++++++++
[0;32m  OK  [0m] Started Daily Cleanup of Temporary Directories.
         Starting Socket activation for snappy daemon.
[   25.968964] cloud-init[1041]: ci-info: +-------+-------------+----------+---------------+-----------+-------+
[[   26.475999] cloud-init[1041]: ci-info: | Route | Destination | Gateway  |    Genmask    | Interface | Flags |
[   26.476285] cloud-init[1041]: ci-info: +-------+-------------+----------+---------------+-----------+-------+
[0;32m  OK  [0m] Listening on D-Bus System Message Bus Socket.
         Starting LXD - unix socket.
[   26.476391] cloud-init[1041]: ci-info: |   0   |   0.0.0.0   | 10.0.2.2 |    0.0.0.0    |   enp0s3  |   UG  |
[   27.189221] cloud-init[1041]: ci-info: |   1   |   10.0.2.0  | 0.0.0.0  | 255.255.255.0 |   enp0s3  |   U   |
[   27.189613] cloud-init[1041]: ci-info: |   2   |   10.1.0.0  | 0.0.0.0  | 255.255.255.0 |   enp0s8  |   U   |
[[0;32m  OK  [0m] Started Timer to automatically refresh installed snaps.
[[   27.189813] cloud-init[1041]: ci-info: +-------+-------------+----------+---------------+-----------+-------+
[0;32m  OK  [0m] Started Daily apt download activities.
[[0;32m  OK  [0m] Started Daily apt upgrade and clean activities.
[[0;32m  OK  [0m] Reached target Timers.
[[0;32m  OK  [0m] Listening on ACPID Listen Socket.
[[0;32m  OK  [0m] Started ACPI Events Check.
[[0;32m  OK  [0m] Reached target Paths.
[[0;32m  OK  [0m] Reached target Network is Online.
         Starting iSCSI initiator daemon ((scsid)...
[[0;32m  OK  [0m] Reached target Cloud-config availability.
[[0;32m  OK  [0m] Listening on Docker Socket for the API.
[[0;32m  OK  [0m] Listening on Socket activation for snappy daemon.
[[0;32m  OK  [0m] Listening on LXD - unix socket.
[[0;32m  OK  [0m] Reached target Sockets.
[[0;32m  OK  [0m] Reached target Basic System.
[[0;32m  OK  [0m] Started Regular background program processing daemon.
         Starting LXD - container startup/shutdown...
         Starting /etc/rc.local Compatibility...
         Starting Login Service...
[[0;32m  OK  [0m] Started ACPI event daemon.
[[0;32m  OK  [0m] Started Unattended Upgrades Shutdown.
[[0;32m  OK  [0m] Started FUSE filesystem for LXC.
         Starting Apply the settings specified in cloud-config...
[[0;32m  OK  [0m] Started Deferred execution scheduler.
         Starting System Logging Service...
         Starting LSB: Record successful boot for GRUB...
         Starting Snappy daemon...
[[0;32m  OK  [0m] Started D-Bus System Message Bus.
         Starting Accounts Service...
[   29.162431] cloud-init[1119]: Cloud-init v. 17.2 running 'modules:config' at Wed, 02 May 2018 13:13:01 +0000. Up 29.06 seconds.
         Starting OpenBSD Secure Shell server...
         Starting LSB: MD monitoring daemon...
         Starting Docker Application Container Engine...
[[0;32m  OK  [0m] Started System Logging Service.
[[0;32m  OK  [0m] Started Snappy daemon.
[[0;32m  OK  [0m] Started OpenBSD Secure Shell server.
[[0;32m  OK  [0m] Started iSCSI initiator daemon (iscsid).
[[0;32m  OK  [0m] Started LXD - container startup/shutdown.
[[0;32m  OK  [0m] Started /etc/rc.local Compatibility.
[[0;32m  OK  [0m] Started Apply the settings specified in cloud-config.
[[0;32m  OK  [0m] Started LSB: Record successful boot for GRUB.
[[0;32m  OK  [0m] Started Login Service.
[[0;32m  OK  [0m] Started LSB: MD monitoring daemon.
         Starting Authenticate and Authorize Users to Run Privileged Tasks...
         Starting Login to default iSCSI targets...
[[0;32m  OK  [0m] Started Authenticate and Authorize Users to Run Privileged Tasks.
[[0;32m  OK  [0m] Started Accounts Service.
[[0;32m  OK  [0m] Started Login to default iSCSI targets.
[[0;32m  OK  [0m] Reached target Remote File Systems (Pre).
[[0;32m  OK  [0m] Reached target Remote File Systems.
         Starting LSB: VirtualBox Linux Additions...
         Starting LSB: Set the CPU Frequency Scaling governor to "ondemand"...
         Starting Permit User Sessions...
         Starting LSB: Set up cgroupfs mounts....
         Starting LSB: automatic crash report generation...
         Starting LSB: daemon to balance interrupts for SMP systems...
[[0;32m  OK  [0m] Started Docker Application Container Engine.
[[0;32m  OK  [0m] Started Permit User Sessions.
[[0;32m  OK  [0m] Started LSB: Set up cgroupfs mounts..
[[0;32m  OK  [0m] Started LSB: Set the CPU Frequency Scaling governor to "ondemand".
[[0;32m  OK  [0m] Started LSB: VirtualBox Linux Additions.
[[0;32m  OK  [0m] Created slice User Slice of vagrant.
[[0;32m  OK  [0m] Started Session 1 of user vagrant.
         Starting User Manager for UID 1000...
         Starting Terminate Plymouth Boot Screen...
         Starting Hold until boot process finishes up...
[[0;32m  OK  [0m] Started User Manager for UID 1000.
[[0;32m  OK  [0m] Started LSB: automatic crash report generation.
[[0;32m  OK  [0m] Started LSB: daemon to balance interrupts for SMP systems.
[[0;32m  OK  [0m] Started Terminate Plymouth Boot Screen.
[[0;32m  OK  [0m] Started Hold until boot process finishes up.
[[0;32m  OK  [0m] Started Serial Getty on ttyS0.
[[0;32m  OK  [0m] Started Getty on tty1.
[[0;32m  OK  [0m] Reached target Login Prompts.
         Starting Set console scheme...
[[0;32m  OK  [0m] Reached target Multi-User System.
         Starting Execute cloud user/final scripts...
[[0;32m  OK  [0m] Reached target Graphical Interface.
         Starting Update UTMP about System Runlevel Changes...
[[0;32m  OK  [0m] Started Set console scheme.
[   31.955245] [cloud-init[0;32m  OK  [0m[1509]: ] Cloud-init v. 17.2 running 'modules:final' at Wed, 02 May 2018 13:13:04 +0000. Up 31.87 seconds.Started Execute cloud user/final scripts.

[   32.332802] [cloud-init[0;32m  OK  [0m[1509]: ] Cloud-init v. 17.2 finished at Wed, 02 May 2018 13:13:04 +0000. Datasource DataSourceNoCloud [seed=/dev/sdb][dsmode=net].  Up 31.95 secondsStarted Update UTMP about System Runlevel Changes.

[[0;32m  OK  [0m] Reached target Cloud-init target.

Ubuntu 16.04.4 LTS srv00mntr ttyS0

srv00mntr login: 