[  00000] itliing grp bsysput
[  00000]nialzinggrp ubsy c
   0000]Initalincgrop bs cpucc
[   0.000 Lnux eron4.4.-1-geric(bil@ly01-md-0) (gc rsn 5.4. 26009(Unt5..0-6un1~6..9 )#18-UbtuMPWed ay 100:1 U 28 (Unt 4.0-1.1-gneri 4.1)
[  00000 Cma line: BOTMAGE=bootvmnu4.4.-14-neic rt=IDc5490bf-65432-be-ac33c5c rcosole=tycoole=ttS0[   0.00] ERNEsuored cs:
[  0.00000  tel eninInl
[  0.000]   AMAuentiAM
[   00000   Cntaur CntrHaul
  .00000 x/fu:ste_ffse[2  6, xta_ses[2: 56
[    0.00] 86/fp: uprtinXSVEfetu 01:'x fatngpoin risers'  0.0000] 6/pu: pptig XSE atre 02:SS regiser'
[   .00000] x86puSupptig AVE earex04:AVreistes'
[  .0000]86fpu:naedxsta ftues 0x, onxtsizeis32ytesusg stanar fmat.
[  00000]86pu: sig az' FPU ntt wihe
    0000] 8820 BS-roviedhycal M p:
[   0000 BIO-e0:[mem 000000000000x0000009ff] ubl
[   00000BIOSe8: mem x0000000fc-000000000fff]rerv
[   00000]BI-e20 [m x00000000f00-0x000000ff] seved[  0.00000 BS-82: emx000000100000x00003feff]sabl
   0.0000 BS-20: me0x0000003fff00x0000000ffff] PIat
[  000000]BI-e0: [em0x00000fec0000x000000fec00fff] reserved
[    0.000000] BIOS-e820: [mem 0x00000000fee00000-0x00000000fee00fff] reserved
[    0.000000] BIOS-e820: [mem 0x00000000fffc0000-0x0000ffffff] esved
  0.0000NXExcuteisle proctn:actie   0.00000SMOS 25 est.
  0.0000]ypvior dteedKVM[  000000]82 last_pfn = 0x3fff0 max_arch_pfn = 0x400000000
[    0.000000] MTRR: Disabled
[    0.000000] x86/PAT: MTRRs disabled, skipping PAT initialization too.
[    0.000000] CPU MTRRs all blank - virtualized system.
[    0.000000] x86/PAT: Configuration [0-7]: WB  WT  UC- UC  WB  WT  UC- UC  
[    0.000000 fndSMP P-blat [m 009fff-0x0009ff mappe a[ff88000ff]
[  00000] cain1 ars r ow mmo cruptn[   0.000] RDI: mem x3f600-0x70ff]
[   0000] PIEaly tlehecksu vifcati dabed
  0.0000 API: SDP x0000000E00 0024(v VX  )[  0.000 API: DTx00000FF030 00C 01 VOX VXXSD 00001 AS  00061)[  0.000] PI: CPx000003F000 00004 04BOX  VXFP 00001 SL 0000061
[   .00000AC: DS 0000000FF470021F 02BOX VBBIS 000002NT 20152
    0.00] CPI:AC0x000003F020 000[   0.00] CPI:FA 0000000FF20 0000    .0000]CPI: APIC 0x000000003FFF0240 00005C (v02 VBOX   VBOXAPIC 00000001 ASL  00000061)
[    0.000000] ACPI: SSDT 0x000000003FFFF020 01 (v01VB  BOXCPU 00002 ITL20058)
[    0.000000] No NUMA configuration found
[    0.000000] Fakingg a ne  [mem x000000000-0000000feff][  0000000]ODDAA(0)llcaed[memx3eb00-03fff]
[   0000] km-oc Usingms 46401 ad 56d0
[  00000] m-oc: cpu 0, sr0:ff3001 pmay pulo
[   0.00] kvmclk:singscd ffse o32044954yces
[   0000] cckure: k-cck mas 0ffffffffffmax_ycs:x1cd2eff maxid_n 8810548 ns[  00000] Zo rans:[   0.00]   DA   mem 00000000000x000000000ffffff]
[    0.000000]   DMA32    [mem 0x0000000001000000-0x000000003ffeffff]
[    0.000000]   Normal   empty
[    0.000000] Dece  emty[   0000]Movaleonstar f eh noe   0.000 Erly mo nod rge
[    0000]  ne 0: [m x00000000010-0x0000009efff]
  0.0000  od  0: [emx000000000100000-0x000000003ffeffff]
[    0.000000] Initmem setup node 0 [mem 0x0000000000001000-0x000000003ffeffff]
[    0.000000] ACPI: PM-Timer IO Port: 0x4008
[    0.000000] IOAPIC[0]: apic_id 2, version 32, address 0xfec00000, GSI 0-23
[    0.000000] ACPI: INT_SRC_OVR (bus 0 bus_irq 0 globl_q  dfldf
   00000 ACP I_SC_OVR bu0 s_ir9 obl_ir 9owevel
  .00000Usg AC (DT f S cfiguatn formio
[   00000 smpbot:lling 2 Us0 otpugPU
[   00000 PM:Restred sa mmory [m 000000-0000fff
   00000] : gistrenoav memry[m 0x00900-0009fff
[  0.000]M: Risre nosveemy: [emx0a000-000fff]
  0.0000PMReisted sae memory [m 000f000x00ffff
[   .00000e80:[memx40000-0ebff] avaab fr PC dvis
[  .0000]oongparairalze kereln M
[  .0000]losorc: renejiffesma: 0xffffmax_cycls:xfffffffma_ie_ns765160021156ns
[   00000] seuppepu NR_US12nr_cumk_ts:52 _c_ids2 _ndeids
  0.0000] RCU: Ebede34 pages/cpu @ffff88003fc00000 s99544 r8192 d31528 u1048576
[    0.0000]  qinlock astae entes: 6 (order:, 96byes
[  .00000 Blt 1zolis inodorer, biitgroungn. Tot pes 25712[   0.00] oliczo: MA32
[  000000 Knecommd ne BOO_IAG/boo/vinz-.4.0-14-enicrootUUD=c590b9-25-32-be5-c33ccb3 o nse=tt1 nslettS0[   0.00] IDha tle etrs:09 (orer3,3276 bes
[  00000] emy:9717K/480K avalae 8532 kne code,13K data, 399 rata,15K nit, 16Kss 509K seve, K a-esrv)[   0.00] SL: algn=64, Order=0-3, inbjts0, Cs= Nde=1[   0.000]erne/Uerag tbl ioltionenle
[   00000 Hiearic RCUmpmetatin.[   0.00] Build-medjstmet  lf fautto64
[   0.00] 	RU stcting Usro NR_PU51 to _c_is=2.[  0.000] U: Adstg eomey orrcu_ant_eaf=4,r_u_id=2
[    0.000000] NRIR:3304 _iqs:40 
    .000 Console: lor VG 825
  .00000] nsle[tty1]enle
[  00000] onol[tyS0] enabed[   0.000000] tsc: Detected 3600.006 MHz processor
[   22.256177] Calibrating delay loop (skipped) preset value.. 7200.01 BogoMIPS (lpj=14400024)
[   22.396987] pid_max: default: 32768 minimum: 301
[   22.456327] ACPI: Core revision 20150930
[   22.531551] ACPI: 2 ACPI AML tables successfully acquired and loaded
[   22.667442] Security Framework initialized
[   22.756612] Yama: becoming mindful.
[   22.779379] AppArmor: AppArmor initialized
[   22.780071] Dentry cache hash table entries: 131072 (order: 8, 1048576 bytes)
[   22.782829] Inode-cache hash table entries: 65536 (order: 7, 524288 bytes)
[   22.920615] Mount-cache hash table entries: 2048 (order: 2, 16384 bytes)
[   23.107011] Mountpoint-cache hash table entries: 2048 (order: 2, 16384 bytes)
[   23.246326] Initializing cgroup subsys io
[   23.339562] Initializing cgroup subsys memory
[   23.460428] Initializing cgroup subsys devices
[   23.579343] Initializing cgroup subsys freezer
[   23.588405] Initializing cgroup subsys net_cls
[   23.684928] Initializing cgroup subsys perf_event
[   23.781301] Initializing cgroup subsys net_prio
[   23.781963] Initializing cgroup subsys hugetlb
[   23.782549] Initializing cgroup subsys pids
[   23.783202] CPU: Physical Processor ID: 0
[   23.783784] CPU: Processor Core ID: 0
[   23.798735] FEATURE SPEC_CTRL Not Present
[   23.896829] mce: CPU supports 0 MCE banks
[   23.988219] Last level iTLB entries: 4KB 64, 2MB 8, 4MB 8
[   24.009361] Last level dTLB entries: 4KB 64, 2MB 0, 4MB 0, 1GB 4
[   24.010189] Spectre V2 mitigation: Mitigation: Full generic retpoline
[   24.045284] Spectre V2 mitigation: Speculation control IBPB not-supported IBRS not-supported
[   24.080656] Spectre V2 mitigation: Filling RSB on context switch
[   24.169586] Freeing SMP alternatives memory: 32K
[   24.279176] ftrace: allocating 32202 entries in 126 pages
[   24.468883] smpboot: APIC(0) Converting physical 0 to logical package 0
[   24.635964] smpboot: Max logical packages: 1
[   24.742054] x2apic enabled
[   24.797925] Switched APIC routing to physical x2apic.
[   24.921852] ..TIMER: vector=0x30 apic1=0 pin1=2 apic2=-1 pin2=-1
[   25.164604] smpboot: CPU0: Intel(R) Core(TM) i7-7700 CPU @ 3.60GHz (family: 0x6, model: 0x9e, stepping: 0x9)
[   25.269566] Performance Events: unsupported p6 CPU model 158 no PMU driver, software events only.
[   25.271043] KVM setup paravirtual spinlock
[   25.272122] x86: Booting SMP configuration:
[   25.272727] .... node  #0, CPUs:      #1
[   25.273337] kvm-clock: cpu 1, msr 0:3ffe3041, secondary cpu clock
[   25.300240] mce: CPU supports 0 MCE banks
[   25.302584] x86: Booted up 1 node, 2 CPUs
[   25.303289] smpboot: Total of 2 processors activated (14400.02 BogoMIPS)
[   25.304559] devtmpfs: initialized
[   25.383930] evm: security.selinux
[   25.469969] evm: security.SMACK64
[   25.563174] evm: security.SMACK64EXEC
[   25.642946] evm: security.SMACK64TRANSMUTE
[   25.709458] evm: security.SMACK64MMAP
[   25.718492] evm: security.ima
[   25.718985] evm: security.capability
[   25.799894] clocksource: jiffies: mask: 0xffffffff max_cycles: 0xffffffff, max_idle_ns: 7645041785100000 ns
[   25.988381] futex hash table entries: 512 (order: 3, 32768 bytes)
[   26.096339] pinctrl core: initialized pinctrl subsystem
[   26.207069] RTC time:  9:32:39, date: 05/15/18
[   26.318986] NET: Registered protocol family 16
[   26.434379] cpuidle: using governor ladder
[   26.550218] cpuidle: using governor menu
[   26.653451] PCCT header not found.
[   26.733949] ACPI: bus type PCI registered
[   26.785994] acpiphp: ACPI Hot Plug PCI Controller Driver version: 0.5
[   26.786865] PCI: Using configuration type 1 for base access
[   26.799052] ACPI: Added _OSI(Module Device)
[   26.872358] ACPI: Added _OSI(Processor Device)
[   26.873006] ACPI: Added _OSI(3.0 _SCP Extensions)
[   26.965600] ACPI: Added _OSI(Processor Aggregator Device)
[   27.088734] ACPI: Executed 1 blocks of module-level executable AML code
[   27.237003] ACPI: Interpreter enabled
[   27.237544] ACPI: (supports S0 S5)
[   27.238069] ACPI: Using IOAPIC for interrupt routing
[   27.273368] PCI: Using host bridge windows from ACPI; if necessary, use "pci=nocrs" and report a bug
[   27.499756] ACPI: PCI Root Bridge [PCI0] (domain 0000 [bus 00-ff])
[   27.501822] acpi PNP0A03:00: _OSC: OS supports [ASPM ClockPM Segments MSI]
[   27.609418] acpi PNP0A03:00: _OSC: not requesting OS control; OS requires [ExtendedConfig ASPM ClockPM MSI]
[   27.756778] acpi PNP0A03:00: fail to add MMCONFIG information, can't access extended PCI configuration space under this bridge.
[   27.915422] PCI host bridge to bus 0000:00
[   27.968831] pci_bus 0000:00: root bus resource [io  0x0000-0x0cf7 window]
[   28.039334] pci_bus 0000:00: root bus resource [io  0x0d00-0xffff window]
[   28.130523] pci_bus 0000:00: root bus resource [mem 0x000a0000-0x000bffff window]
[   28.265023] pci_bus 0000:00: root bus resource [mem 0x40000000-0xfdffffff window]
[   28.294829] pci_bus 0000:00: root bus resource [bus 00-ff]
[   28.414208] pci 0000:00:01.1: legacy IDE quirk: reg 0x10: [io  0x01f0-0x01f7]
[   28.594658] pci 0000:00:01.1: legacy IDE quirk: reg 0x14: [io  0x03f6]
[   28.606781] pci 0000:00:01.1: legacy IDE quirk: reg 0x18: [io  0x0170-0x0177]
[   28.774178] pci 0000:00:01.1: legacy IDE quirk: reg 0x1c: [io  0x0376]
[   28.909445] pci 0000:00:07.0: quirk: [io  0x4000-0x403f] claimed by PIIX4 ACPI
[   29.091318] pci 0000:00:07.0: quirk: [io  0x4100-0x410f] claimed by PIIX4 SMB
[   29.160025] ACPI: PCI Interrupt Link [LNKA] (IRQs 5 9 10 *11)
[   29.272987] ACPI: PCI Interrupt Link [LNKB] (IRQs 5 9 *10 11)
[   29.277287] ACPI: PCI Interrupt Link [LNKC] (IRQs 5 *9 10 11)
[   29.405231] ACPI: PCI Interrupt Link [LNKD] (IRQs 5 9 10 *11)
[   29.410176] ACPI: Enabled 2 GPEs in block 00 to 07
[   29.411133] vgaarb: setting as boot device: PCI:0000:00:02.0
[   29.548434] vgaarb: device added: PCI:0000:00:02.0,decodes=io+mem,owns=io+mem,locks=none
[   29.777276] vgaarb: loaded
[   29.857405] vgaarb: bridge control possible 0000:00:02.0
[   29.966608] SCSI subsystem initialized
[   30.052945] ACPI: bus type USB registered
[   30.133254] usbcore: registered new interface driver usbfs
[   30.233449] usbcore: registered new interface driver hub
[   30.264316] usbcore: registered new device driver usb
[   30.358330] PCI: Using ACPI for IRQ routing
[   30.426254] NetLabel: Initializing
[   30.487487] NetLabel:  domain hash size = 128
[   30.589594] NetLabel:  protocols = UNLABELED CIPSOv4
[   30.724962] NetLabel:  unlabeled traffic allowed by default
[   30.847857] amd_nb: Cannot enumerate AMD northbridges
[   30.963582] clocksource: Switched to clocksource kvm-clock
[   1.0806Aprm: pAorilysm abd  1.12] np: nPAC it  1.16] p:nPCP fnd dic
[   32.380081] clocksource: acpi_pm: mask: 0xffffff max_cycles: 0xffffff, max_idle_ns: 2085701024 ns
[   32.416557] NET: Registered protocol family 2
[   32.522010] TCP established hash table entries: 8192 (order: 4, 65536 bytes)
[   32.572398] TCP bind hash table entries: 8192 (order: 5, 131072 bytes)
[   32.642975] TCP: Hash tables configured (established 8192 bind 8192)
[   32.675151] UDP hash table entries: 512 (order: 2, 16384 bytes)
[   32.675919] UDP-Lite hash table entries: 512 (order: 2, 16384 bytes)
[   32.676907] NET: Registered protocol family 1
[   32.691803] pci 0000:00:00.0: Limiting direct PCI/PCI transfers
[   32.692742] pci 0000:00:01.0: Activating ISA DMA hang workarounds
[   32.822452] Unpacking initramfs...
[   33.066340] Freeing initrd memory: 15348K
[   33.122361] platform rtc_cmos: registered platform RTC device (no PNP device found)
[   33.130971] Scanning for low memory corruption every 60 seconds
[   33.187973] audit: initializing netlink subsys (disabled)
[   33.240254] audit: type=2000 audit(1526376740.608:1): initialized
[   33.241183] Initialise system trusted keyring
[   33.248661] HugeTLB registered 2 MB page size, pre-allocated 0 pages
[   33.273929] zbud: loaded
[   33.274781] VFS: Disk quotas dquot_6.6.0
[   33.356955] VFS: Dquot-cache hash table entries: 512 (order 0, 4096 bytes)
[   33.357993] squashfs: version 4.0 (2009/01/31) Phillip Lougher
[   33.365519] fuse init (API version 7.23)
[   33.459092] Key type big_key registered
[   33.567003] Allocating IMA MOK and blacklist keyrings.
[   33.650966] Key type asymmetric registered
[   33.653499] Asymmetric key parser 'x509' registered
[   33.654310] Block layer SCSI generic (bsg) driver version 0.4 loaded (major 249)
[   33.671832] io scheduler noop registered
[   33.716002] io scheduler deadline registered (default)
[   33.716702] io scheduler cfq registered
[   33.775938] pci_hotplug: PCI Hot Plug PCI Core version: 0.5
[   33.881159] pciehp: PCI Express Hot Plug Controller Driver version: 0.4
[   33.996314] ACPI: AC Adapter [AC] (on-line)
[   34.069529] input: Power Button as /devices/LNXSYSTM:00/LNXPWRBN:00/input/input0
[   34.184400] tsc: Refined TSC clocksource calibration: 3601.966 MHz
[   34.207112] clocksource: tsc: mask: 0xffffffffffffffff max_cycles: 0x33eb9488ead, max_idle_ns: 440795267267 ns
[   34.207133] ACPI: Power Button [PWRF]
[   34.207213] input: Sleep Button as /devices/LNXSYSTM:00/LNXSLPBN:00/input/input1
[   34.207215] ACPI: Sleep Button [SLPF]
[   34.207404] GHES: HEST is not enabled!
[   34.226303] Serial: 8250/16550 driver, 32 ports, IRQ sharing enabled
[   .288 002ttS0at/O0x8 (irq 4bae_au= 1500is 155
[   34.978723] Linux agggart interface v0.103
[   35.082082] loop: module loaded
[   35.144482] scsi host0: ata_piix
[   35.255215] scsi host1: ata_piix
[   35.266181] ata1: PATA max UDMA/33 cmd 0x1f0 ctl 0x3f6 bmdma 0xd000 irq 14
[   35.326982] ata2: PATA max UDMA/33 cmd 0x170 ctl 0x376 bmdma 0xd008 irq 15
[   35.327931] libphy: Fixed MDIO Bus: probed
[   35.381596] tun: Universal TUN/TAP device driver, 1.6
[   35.485478] tun: (C) 1999-2004 Max Krasnyansky <maxk@qualcomm.com>
[   35.536357] PPP generic driver version 2.4.2
[   35.601502] ehci_hcd: USB 2.0 'Enhanced' Host Controller (EHCI) Driver
[   35.635961] ehci-pci: EHCI PCI platform driver
[   35.648540] ehci-platform: EHCI generic platform driver
[   35.731985] ohci_hcd: USB 1.1 'Open' Host Controller (OHCI) Driver
[   35.811449] ohci-pci: OHCI PCI platform driver
[   35.812160] ohci-platform: OHCI generic platform driver
[   35.812833] uhci_hcd: USB Universal Host Controller Interface driver
[   35.895950] i8042: PNP: PS/2 Controller [PNP0303:PS2K,PNP0f03:PS2M] at 0x60,0x64 irq 1,12
[   35.909315] serio: i8042 KBD port at 0x60,0x64 irq 1
[   36.009671] serio: i8042 AUX port at 0x60,0x64 irq 12
[   36.010449] mousedev: PS/2 mouse device common for all mice
[   36.138369] input: AT Translated Set 2 keyboard as /devices/platform/i8042/serio0/input/input2
[   36.235751] rtc_cmos rtc_cmos: rtc core: registered rtc_cmos as rtc0
[   36.236603] rtc_cmos rtc_cmos: alarms up to one day, 114 bytes nvram
[   36.241094] i2c /dev entries driver
[   36.241659] device-mapper: uevent: version 1.0.3
[   36.242348] device-mapper: ioctl: 4.34.0-ioctl (2015-10-28) initialised: dm-devel@redhat.com
[   36.314907] ledtrig-cpu: registered to indicate activity on CPUs
[   36.344878] NET: Registered protocol family 10
[   6.384]NE: gier potocol fil 1

[   6.30] y pensesvereistered
[   37.251936] registered taskstats version 1
[   37.351905] Loading compiled-in X.509 certificates
[   37.435418] Loaded X.509 cert 'Build time autogenerated kernel key: 97a7db5071cab428e7f67f96f51ed8d32b3fc527'
[   37.457100] zswap: loaded using pool lzo/zbud
[   37.572475] Key type trusted registered
[   37.669341] Key type encrypted registered
[   37.742550] AppArmor: AppArmor sha1 policy hashing enabled
[   37.849497] ima: No TPM chip found, activating TPM-bypass!
[   37.893885] evm: HMAC attrs: 0x1
[   37.894712]   Magic number: 2:551:525
[   37.895396] rtc_cmos rtc_cmos: setting system clock to 2018-05-15 09:32:51 UTC (1526376771)
[   38.013285] BIOS EDD facility v0.16 2004-Jun-25, 0 devices found
[   38.116320] EDD information not available.
[   38.117884] Freeing unused kernel memory: 1508K
[   38.242018] Write protecting the kernel read-only data: 14336k
[   38.343562] Freeing unused kernel memory: 1696K
[   38.408136] Freeing unused kernel memory: 100K
Loading, please [   38.467726] random: systemd-udevd: uninitialized urandom read (16 bytes read, 7 bits of entropy available)
wait...
startin[   38.468070] random: udevadm: uninitialized urandom read (16 bytes read, 7 bits of entropy available)
g version 229
[   38.468083] random: udevadm: uninitialized urandom read (16 bytes read, 7 bits of entropy available)
[   38.473207] random: udevadm: uninitialized urandom read (16 bytes read, 7 bits of entropy available)
[   38.473237] random: udevadm: uninitialized urandom read (16 bytes read, 7 bits of entropy available)
[   38.473413] random: udevadm: uninitialized urandom read (16 bytes read, 7 bits of entropy available)
[   38.473447] random: udevadm: uninitialized urandom read (16 bytes read, 7 bits of entropy available)
[   38.473490] random: udevadm: uninitialized urandom read (16 bytes read, 7 bits of entropy available)
[   38.473536] random: udevadm: uninitialized urandom read (16 bytes read, 7 bits of entropy available)
[   38.473594] random: udevadm: uninitialized urandom read (16 bytes read, 7 bits of entropy available)
[   39.386817] e1000: Intel(R) PRO/1000 Network Driver - version 7.3.21-k8-NAPI
[   39.473800] e1000: Copyright (c) 1999-2006 Intel Corporation.
[   39.480723] Fusion MPT base driver 3.04.20
[   39.556024] Copyright (c) 1999-2008 LSI Corporation
[   39.625452] AVX2 version of gcm_enc/dec engaged.
[   39.709094] AES CTR mode by8 optimization enabled
[   39.811663] Fusion MPT SPI Host driver 3.04.20
[   39.834991] input: ImExPS/2 Generic Explorer Mouse as /devices/platform/i8042/serio1/input/input4
[   40.207657] e1000 0000:00:03.0 eth0: (PCI:33MHz:32-bit) 02:a0:c7:70:80:b4
[   40.374546] e1000 0000:00:03.0 eth0: Intel(R) PRO/1000 Network Connection
[   40.540861] mptbase: ioc0: Initiating bringup
[   40.603964] ioc0: LSI53C1030 A0: Capabilities={Initiator}
[   40.813592] scsi host2: ioc0: LSI53C1030 A0, FwRev=00000000h, Ports=1, MaxQ=256, IRQ=20
[   41.140151] scsi 2:0:0:0: Direct-Access     VBOX     HARDDISK         1.0  PQ: 0 ANSI: 5
[   41.202914] scsi target2:0:0: Beginning Domain Validation
[   41.204866] scsi target2:0:0: Domain Validation skipping write tests
[   41.365788] scsi target2:0:0: Ending Domain Validation
[   41.424834] scsi target2:0:0: asynchronous
[   41.426303] scsi 2:0:1:0: Direct-Access     VBOX     HARDDISK         1.0  PQ: 0 ANSI: 5
[   42.223689] scsi target2:0:1: Beginning Domain Validation
[   42.254640] scsi target2:0:1: Domain Validation skipping write tests
[   42.256554] scsi target2:0:1: Ending Domain Validation
[   42.257359] scsi target2:0:1: asynchronous
[   42.284187] sd 2:0:0:0: Attached scsi generic sg0 type 0
[   42.291434] sd 2:0:0:0: [sda] 20971520 512-byte logical blocks: (10.7 GB/10.0 GiB)
[   42.298075] sd 2:0:1:0: Attached scsi generic sg1 type 0
[   42.299639] sd 2:0:0:0: [sda] Write Protect is off
[   42.303599] sd 2:0:1:0: [sdb] 20480 512-byte logical blocks: (10.5 MB/10.0 MiB)
[   42.329505] sd 2:0:0:0: [sda] Incomplete mode parameter data
[   42.398810] sd 2:0:0:0: [sda] Assuming drive cache: write through
[   42.406628] sd 2:0:1:0: [sdb] Write Protect is off
[   42.506333] sd 2:0:1:0: [sdb] Incomplete mode parameter data
[   42.525964] sd 2:0:1:0: [sdb] Assuming drive cache: write through
[   42.526636]  sda: sda1
[   42.647589] e1000 0000:00:08.0 eth1: (PCI:33MHz:32-bit) 08:00:27:de:86:b5
[   42.647619] e1000 0000:00:08.0 eth1: Intel(R) PRO/1000 Network Connection
[   42.647625] sd 2:0:0:0: [sda] Attached SCSI disk
[   42.752525] e1000 0000:00:08.0 enp0s8: renamed from eth1
[   42.787980] sd 2:0:1:0: [sdb] Attached SCSI disk
[   42.791934] e1000 0000:00:03.0 enp0s3: renamed from eth0
Begin: Loading e[   44.083104] md: linear personality registered for level -1
ssential drivers[   44.251185] md: multipath personality registered for level -4
 ... [   44.417088] md: raid0 personality registered for level 0
[   44.530736] md: raid1 personality registered for level 1
[   44.695727] raid6: sse2x1   gen() 13079 MB/s
[   44.831607] raid6: sse2x1   xor() 10040 MB/s
[   44.935744] raid6: sse2x2   gen() 15286 MB/s
[   45.091662] raid6: sse2x2   xor() 11437 MB/s
[   45.251597] raid6: sse2x4   gen() 19019 MB/s
[   45.391877] raid6: sse2x4   xor() 12630 MB/s
[   45.535762] raid6: avx2x1   gen() 26936 MB/s
[   45.683907] raid6: avx2x2   gen() 30547 MB/s
[   45.831590] raid6: avx2x4   gen() 32600 MB/s
[   45.843791] raid6: using algorithm avx2x4 gen() 32600 MB/s
[   45.844567] raid6: using avx2x2 recovery algorithm
[   45.846136] xor: automatically using best checksumming function:
[   45.891575]    avx       : 26262.000 MB/sec
[   45.970443] async_tx: api initialized (async)
[   46.014830] md: raid6 personality registered for level 6
[   46.038297] md: raid5 personality registered for level 5
[   46.039233] md: raid4 personality registered for level 4
[   46.049585] md: raid10 personality registered for level 10
done.
Begin: Running /scripts/init-premount ... done.
Begin: Mounting root file system ... Begin: Running /scripts/local-top ... done.
Begin: Running[   46.073654] Btrfs loaded
 /scripts/local-premount ... Scanning for Btrfs filesystems
done.
Warning: fsck no[   46.125234] EXT4-fs (sda1): mounted filesystem with ordered data mode. Opts: (null)
t present, so skipping root file system
done.
Begin: Running /scripts/local-bottom ... done.
Begin: Running /scripts/init-bottom ... done.
[   46.204763] systemd[1]: systemd 229 running in system mode. (+PAM +AUDIT +SELINUX +IMA +APPARMOR +SMACK +SYSVINIT +UTMP +LIBCRYPTSETUP +GCRYPT +GNUTLS +ACL +XZ -LZ4 +SECCOMP +BLKID +ELFUTILS +KMOD -IDN)
[   46.608006] systemd[1]: Detected virtualization oracle.
[   46.734777] systemd[1]: Detected architecture x86-64.

Welcome to [1mUbuntu 16.04.4 LTS[0m!

[   46.907737] systemd[1]: Set hostname to <srv00mntr>.
[   47.027181] systemd[1]: Listening on LVM2 metadata daemon socket.
[[0;32m  OK  [0m] Listening on LVM2 metadata daemon socket.
[   47.107352] systemd[1]: Listening on /dev/initctl Compatibility Named Pipe.
[[0;32m  OK  [0m] Listening on /dev/initctl Compatibility Named Pipe.
[   47.205246] systemd[1]: Listening on Syslog Socket.
[[0;32m  OK  [0m] Listening on Syslog Socket.
[   47.326079] systemd[1]: Reached target User and Group Name Lookups.
[[0;32m  OK  [0m] Reached target User and Group Name Lookups.
[   47.331050] systemd[1]: Created slice User and Session Slice.
[[0;32m  OK  [0m] Created slice User and Session Slice.
[   47.344633] systemd[1]: Created slice System Slice.
[[0;32m  OK  [0m] Created slice System Slice.
[  451918] sysmd]:Createdsle st-siax2et.sce

[[0;32m  OK  [0m] Created slice system-serial\x2dgetty.slice.
[ 48.222] std[: ared Frward asor ReqsttoalDicty tc
[   49.113554] random: nonblocking pool is initialized
[[0;32m  OK  [0m] Started Forward Password Requests to Wall Directory Watch.
[   4916933] systemd[1]: Listening on udev Kernel Socket.

[[0;32m  OK  [0m] Listening on udev Kernel Socket.
[ 49653]ysmd[1]:Lieng onoualud Ske
[[0;32m  OK  [0m] Listening on Journal Audit Socket.
[  50534 systemd[1: t  aomntrbra Eecutabe leFoatFi SteAumot in
[[0;32m  OK  [0m] Set up automount Arbitrary Executab...ats File System Automount Point.
[ 512914] syem1]Liteing  Jrnl Ske(/v/g)

[[0;32m  OK  [0m] Listening on Journal Socket (/dev/log).
[ 520755 systmd]:eahetaetncptd Voum.
[[0;32m  OK  [0m] Reached target Encrypted Volumes.
[ 52369]ysmd]:eaedart Swap.
[[0;32m  OK  [0m] Reached target Swap.
[ 53522]ysmd]:isening onJonaSocket.
[[0;32m  OK  [0m] Listening on Journal Socket.
[   53.860541] systemd[1]: Starting Nameserver information manager...
         Starting Nameserver information manager...
[   54.084591] systemd[1]: Mounting Debug File System...
         Mounting Debug File System...
[   54.240493] systemd[1]: Mounting Huge Pages File System...
         Mounting Huge Pages File System...
[   54.483791] systemd[1]: Starting Remount Root and Kernel File Systems...
         [   54.591945] EXT4-fs (sda1): re-mounted. Opts: (null)
Starting Remount Root and Kernel File Systems...
[   54.772402] systemd[1]: Mounting POSIX Message Queue File System...
         Mounting POSIX Message Queue File System...
[ 55120]ystemd[1]: Lstinoneve-pp entaen FOs.
[[0;32m  OK  [0m] Listening on Device-mapper event daemon FIFOs.
[   55.755880] systemd[1]: Starting Monitoring of LVM2 mirrors, snapshots etc. using dmeventd or progress polling...
         Starting Monitoring of LVM2 mirrors... dmeventd or progress polling...
[   55.980835] systemd[1]: Listening on udev Control Socket.
[[0;32m  OK  [0m] Listening on udev Control Socket.
[   56.015892] systemd[1]: Starting Journal Service...
         Starting Journal Service...
[   56.204230] systemd[1]: Starting Uncomplicated firewall...
         Starting Uncomplicated firewall...
[   56.439874] systemd[1]: Starting Create list of required static device nodes for the current kernel...
         Starting Create list of required st... nodes for the current kernel...
[ 56561]ysmd]:eaedtarget Slic.
[[0;32m  OK  [0m] Reached target Slices.
[   57.272284] systemd[1]: Starting Set console keymap...
         Starting Set console keymap...
[   57.477029] systemd[1]: Starting Load Kernel Modules...
         Starting Load Ke[   57.583210] Loading iSCSI transport class v2.0-870.
rnel Modules...[   57.701391] iscsi: registered transport (tcp)

[   57.727568] systemd[1]: Listening on LVM2 poll daemon socket.
[[0;32m  OK  [0m] Listening on LVM2 poll daemon socket.
[   57.745823] systemd[1]: Started Trigger resolvconf update for networkd DNS.
[   57.746913] iscsi: registered transport (iser)
[[0;32m  OK  [0m] Started Trigger resolvconf update for networkd DNS.
[ 57292]ysmd]: Muned Dbug Fie st.
[[[;32m  OK  [0m] Mounted Debug File System.
[   58.401670] systemd[1]: Mounted POSIX Message Queue File System.
[[0;32m  OK  [0m] Mounted POSIX Message Queue File System.
[   58.432091] systemd[1]: Mounted Huge Pages File System.
[[0;32m  OK  [0m] Mounted Huge Pages File System.
[   58.468372] systemd[1]: Started Journal Service.
[[0;32m  OK  [0m] Started Journal Service.
[[0;32m  OK  [0m] Started Remount Root and Kernel File Systems.
[[0;32m  OK  [0m] Started Uncomplicated firewall.
[[0;32m  OK  [0m] Started Create list of required sta...ce nodes for the current kernel.
[[0;32m  OK  [0m] Started Set console keymap.
[[0;32m  OK  [0m] Started Load Kernel Modules.
[[0;32m  OK  [0m] Started Nameserver information manager.
[[0;32m  OK  [0m] Started LVM2 metadata daemon.
         Starting Apply Kernel Variables...
         Mounting FUSE Control File System...
         Starting Create Static Device Nodes in /dev...
         Starting Load/Save Random Seed...
         Starting udev Coldplug all Devices...
         Starting Initial cloud-init job (pre-networking)...
         Starting Flush Journal to Persistent Storage...
[[0;32m  OK  [0m] Mounted FUSE Control File System.
[[0;32m  OK  [0m] Started Monitoring of LVM2 mirrors,...ng dmeventd or progress polling.
[[0;32m  OK  [0m] Started Apply Kernel Variables.
[[0;32m  OK  [0m] Started Create Static Device Nodes in /dev.
[[0;32m  OK  [0m] Started Load/Save Random Seed.
         Starting udev Kernel Device Manager...
[[0;32m  OK  [0m] Started udev Kernel Device Manager.
[[0;32m  OK  [0m] Started Flush Journal to Persistent Storage.
[[0;32m  OK  [0m] Started udev Coldplug all Devices.
[[0;32m  OK  [0m] Found device /dev/ttyS0.
[[0;32m  OK  [0m] Reached target Local File Systems (Pre).
[[0;32m  OK  [0m] Reached target Local File Systems.
         Starting Tell Plymouth To Write Out Runtime Data...
[   29.685709] cloud-init[456]: Cloud-init v. 17.2 running 'init-local' at Tue, 15 May 2018 09:33:13 +0000. Up 29.26 seconds.
         Starting LSB: AppArmor initialization...
         Starting Create Volatile Files and Directories...
         Starting Set console font and keymap...
[[0;32m  OK  [0m] Started Dispatch Password Requests to Console Directory Watch.
[[0;32m  OK  [0m] Started Tell Plymouth To Write Out Runtime Data.
[[0;32m  OK  [0m] Started Create Volatile Files and Directories.
[[0;32m  OK  [0m] Started Initial cloud-init job (pre-networking).
[[0;32m  OK  [0m] Listening on Load/Save RF Kill Switch Status /dev/rfkill Watch.
[[0;32m  OK  [0m] Reached target Network (Pre).
         Starting Update UTMP about System Boot/Shutdown...
[[0;32m  OK  [0m] Reached target System Time Synchronized.
[[0;32m  OK  [0m] Started LSB: AppArmor initialization.
[[0;32m  OK  [0m] Started Set console font and keymap.
[[0;32m  OK  [0m] Created slice system-getty.slice.
[[0;32m  OK  [0m] Started ifup for enp0s8.
[[0;32m  OK  [0m] Started ifup for enp0s3.
         Starting Raise network interfaces...
[[0;32m  OK  [0m] Started Update UTMP about System Boot/Shutdown.
[[0;32m  OK  [0m] Started Raise network interfaces.
[[0;32m  OK  [0m] Reached target Network.
         Starting Initial cloud-init job (metadata service crawler)...
[   31.539029] cloud-init[1036]: Cloud-init v. 17.2 running 'init' at Tue, 15 May 2018 09:33:15 +0000. Up 31.30 seconds.
[   31.673162] [[0;32m  OK  [0m] Started Initial cloud-init job (metadata service crawler).
cloud-init[1036]: ci-info: ++++++++++++++++++++++++++++++++++++++Net device info++++++++++++++++++++++++++++++++++++++
[   31.802155] [[0;32m  OK  [0m] Reached target Network is Online.
cloud-init[1036]: ci-info: +--------+------+-----------------------------+---------------+-------+-------------------+
[   31.836207]          cloud-initStarting iSCSI initiator daemon (iscsid)...[1036]: 
ci-info: | Device |  Up  |           Address           |      Mask     | Scope |     Hw-Address    |
[   32.004642] [[0;32m  OK  [0m] Reached target System Initialization.
cloud-init[1036]: ci-info: +--------+------+-----------------------------+---------------+-------+-------------------+
[[0;32m  OK  [0m] Started Daily apt download activities.
[[0;32m  OK  [0m] Listening on UUID daemon activation socket.
[[0;32m  OK  [0m] Listening on D-Bus System Message Bus Socket.
[   32.035910] cloud-init[1036]: ci-info: | enp0s3 | True |          10.0.2.15          | 255.255.255.0 |   .   | 02:a0:c7:70:80:b4 |
[   32.186262] [[0;32m  OK  [0m] Started Daily Cleanup of Temporary Directories.
[[0;32m  OK  [0m] Listening on ACPID Listen Socket.
         Starting Socket activation for snappy daemon.
[[0;32m  OK  [0m] Started Timer to automatically refresh installed snaps.
cloud-init[1036]: ci-info: | enp0s3 | True |  fe80::a0:c7ff:fe70:80b4/64 |       .       |  link | 02:a0:c7:70:80:b4 |
[   32.338991]          cloud-initStarting LXD - unix socket.[1036]: 
ci-info: | enp0s8 | True |          10.1.0.112         | 255.255.255.0 |   .   | 08:00:27:de:86:b5 |
[   32.369276] [cloud-init[0;32m  OK  [0m[1036]: ] ci-info: | enp0s8 | True | fe80::a00:27ff:fede:86b5/64 |       .       |  link | 08:00:27:de:86:b5 |Started Daily apt upgrade and clean activities.

[   32.369617] cloud-init[1036]: ci-info: |   lo   | True |          127.0.0.1          |   255.0.0.0   |   .   |         .         |
[   32.484794] [cloud-init[0;32m  OK  [0m[1036]: ] ci-info: |   lo   | True |           ::1/128           |       .       |  host |         .         |Started ACPI Events Check.

[   32.677015] [cloud-init[0;32m  OK  [0m[1036]: ] ci-info: +--------+------+-----------------------------+---------------+-------+-------------------+Reached target Paths.

[   32.949589]          cloud-initStarting Docker Socket for the API.[1036]: 
ci-info: +++++++++++++++++++++++++++Route IPv4 info++++++++++++++++++++++++++++
[   33.062149] [cloud-init[0;32m  OK  [0m[1036]: ] ci-info: +-------+-------------+----------+---------------+-----------+-------+Reached target Timers.

[   33.300451] [cloud-init[0;32m  OK  [0m[1036]: ] ci-info: | Route | Destination | Gateway  |    Genmask    | Interface | Flags |Reached target Cloud-config availability.

[   33.300791] cloud-init[1036]: ci-info: +-------+-------------+----------+---------------+-----------+-------+
[   33.440241] [cloud-init[0;32m  OK  [0m[1036]: ] ci-info: |   0   |   0.0.0.0   | 10.0.2.2 |    0.0.0.0    |   enp0s3  |   UG  |Listening on Socket activation for snappy daemon.

[[0;32m  OK  [0m] Listening on LXD - unix socket.
[[0;32m  OK  [0m] Listening on Docker Socket for the API.
[[0;32m  OK  [0m] Started iSCSI initiator daemon (iscsid).
[   33.440576] cloud-init[1036]: ci-info: |   1   |   10.0.2.0  | 0.0.0.0  | 255.255.255.0 |   enp0s3  |   U   |
[   33.673771]          cloud-initStarting Login to default iSCSI targets...[1036]: 
ci-info: |   2   |   10.1.0.0  | 0.0.0.0  | 255.255.255.0 |   enp0s8  |   U   |
[   33.712694] [cloud-init[0;32m  OK  [0m[1036]: ] ci-info: +-------+-------------+----------+---------------+-----------+-------+Reached target Sockets.

[[0;32m  OK  [0m] Reached target Basic System.
[[0;32m  OK  [0m] Started ACPI event daemon.
[[0;32m  OK  [0m] Started Deferred execution scheduler.
         Starting LSB: MD monitoring daemon...
[[0;32m  OK  [0m] Started D-Bus System Message Bus.
         Starting Accounts Service...
[[0;32m  OK  [0m] Started Regular background program processing daemon.
[[0;32m  OK  [0m] Started Unattended Upgrades Shutdown.
         Starting Docker Application Container Engine...
         Starting Login Service...
         Starting Apply the settings specified in cloud-config...
         Starting System Logging Service...
         Starting LXD - container startup/shutdown...
         Starting /etc/rc.local Compatibility...
         Starting OpenBSD Secure Shell server...
         Starting Snappy daemon...
[[0;32m  OK  [0m] Started FUSE filesystem for LXC.
         Starting LSB: Record successful boot for GRUB...
[[0;32m  OK  [0m] Started System Logging Service.
[[0;32m  OK  [0m] Started OpenBSD Secure Shell ssrver.
[[0;32m  OK  [0m] Started Snappy daemon.
[[0;32m  OK  [0m] Started LXD - container startup/shutdown.
[   34.937156] cloud-init[1117]: Cloud-init v. 17.2 running 'modules:config' at Tue, 15 May 2018 09:33:18 +0000. Up 34.71 seconds.
[[0;32m  OK  [0m] Started Apply the settings specified in cloud-config.
[[0;32m  OK  [0m] Started /etc/rc.local Compatibility.
[[0;32m  OK  [0m] Started Login to default iSCSI targets.
[[0;32m  OK  [0m] Started LSB: MD monitoring daemon.
[[0;32m  OK  [0m] Started LSB: Record successful boot for GRUB.
         Starting Authenticate and Authorize Users to Run Privileged Tasks...
[[0;32m  OK  [0m] Reached target Remote File Systems (Pre).
[[0;32m  OK  [0m] Reached target Remote File Systems.
         Starting LSB: Set the CPU Frequency Scaling governor to "ondemand"...
         Starting Permit User Sessions...
         Starting LSB: automatic crash report generation...
         Starting LSB: Set up cgroupfs mounts....
         Starting LSB: daemon to balance interrupts for SMP systems...
         Starting LSB: VirtualBox Linux Additions...
[[0;32m  OK  [0m] Started Docker Application Container Engine.
[[0;32m  OK  [0m] Started Permit User Sessions.
[[0;32m  OK  [0m] Started LSB: Set up cgroupfs mounts..
[[0;32m  OK  [0m] Started Login Service.
[[0;32m  OK  [0m] Started Authenticate and Authorize Users to Run Privileged Tasks.
[[0;32m  OK  [0m] Started Accounts Service.
[[0;32m  OK  [0m] Started LSB: Set the CPU Frequency Scaling governor to "ondemand".
[[0;32m  OK  [0m] Created slice User Slice of vagrant.
[[0;32m  OK  [0m] Started Session 1 of user vagrant.
         Starting User Manager for UID 1000...
         Starting Terminate Plymouth Boot Screen...
         Starting Hold until boot process finishes up...
[[0;32m  OK  [0m] Started User Manager for UID 1000.
[[0;32m  OK  [0m] Started LSB: automatic crash report generation.
[[0;32m  OK  [0m] Started LSB: daemon to balance interrupts for SMP systems.
[[0;32m  OK  [0m] Started LSB: VirtualBox Linux Additions.
[[0;32m  OK  [0m] Started Terminate Plymouth Boot Screen.
[[0;32m  OK  [0m] Started Hold until boot process finishes up.
[[0;32m  OK  [0m] Started Getty on tty1.
[[0;32m  OK  [0m] Started Serial Getty on ttyS0.
[[0;32m  OK  [0m] Reached target Login Prompts.
         Starting Set console scheme...
[[0;32m  OK  [0m] Reached target Multi-User System.
         Starting Execute cloud user/final scripts...
[[0;32m  OK  [0m] Reached target Graphical Interface.
         Starting Update UTMP about System Runlevel Changes...
[[0;32m  OK  [0m] Started Set console scheme.
[[0;32m  OK  [0m] Started Update UTMP about System Runlevel Changes.
[   37.837709] cloud-init[1508]: Cloud-init v. 17.2 running 'modules:final' at Tue, 15 May 2018 09:33:21 +0000. Up 37.73 seconds.
[   37.929691] cloud-init[1508]: Cloud-init v. 17.2 finished at Tue, 15 May 2018 09:33:21 +0000. Datasource DataSourceNoCloud [seed=/dev/sdb][dsmode=net].  Up 37.83 seconds
[[0;32m  OK  [0m] Started Execute cloud user/final scripts.
[[0;32m  OK  [0m] Reached target Cloud-init target.

Ubuntu 16.04.4 LTS srv00mntr ttyS0

srv00mntr login: 