[   0.00] Intilingcgrop ubs puse
  .00000Inialinggrup ssycp
[  00000] nialing cgrp bss cpuat    0000] inuxeron4.4.-1-geric(bldlcy0-a6404) ccerion 4.206060 (unu 5..0ubntu16..9 ) 14Ubntu MPriApr 3 :4:23 C 18 (Uun 44.0-12.1-gneri4.117)[   0.000]omma le: BOOT_IMGEbotinuz-4.4.0-121-generic root=UUID=c5490b9f-2065-4332-be65-afc3283c5cb3 ro console=tty1 console=ttyS0
[    0.000000] KERNEL supporedpu
    .000]   nt Guinent
   0.000]  A AheticAMD
[  .000  Ceta CtaurHas[   0.000]86/fu:xsteoffset]:576, ta_szes[]:25
[   0000] 86/fu:uppoinXSVE feur 01: 'x7 oang pntegster
  0.0000x8/fpu: Spoin XSAE ate 0x2:'SE egistes'[   0.000]86/fu:uprtin XVEeatue 04'AVX egtes'
  0.0000 x6/u:Enabd xsat feare0x, coex se is83bys, usg tadard'ort.
[    0000 x86puUsng'ly'PU cte sitchs.[   0000 e82: OSroviedhycal M p:
[  00000]IOe820: [memx0000000000-0x000000000fb] usbl
[    0.000000] BOSe820 [m 00000000c00-00000000ff] servd   00000BIS-e80:me 0x00000000000x00000000fffff] reserved
[    0.000000] BIOS-e820: [mem 0x0000000000100000-0x000000003ffeffff] ab
    0000 BIOS-e820: [mem 0x000000003fff0000-0x000000003fffffff] ACPI data
[    0.000000] BIOS-e820: [mem 0x00000000fec00000-0x00000000fec00fff] reserved
[    0.00] IOS-e20[m 0x0000fe000-0000000e0ff  reserved
[    0.000000] BIOS-e820: [mem 0x00000000fffc0000-0x00000000fffff] servd   0.000 N (ExutDiable)rocton: acve
[   0000] SBIS 5 resnt
[  0.000]ypersodeected: KV
  .000000] e8: stpfn  0ff0 ma_ah_n = 0x0000
[   0.0000MTRR: isbl
    0.0000x86/T:TRs diabed, sppng PT itlizaioto
[  00000] CPU TR a blak viualid stm.[  000000]86AT: ongution 0-:   WTUCUC WB T C-UC  
  0.0000fod MP M-tle a [em0x009ff0x000ff] ppedt ffff800009ff
    0.00] cannng aea for lw mo corupon
[    0.000000] RAMDISK: [mem 0x361f400-0x30fff
    0000 ACP Elytable hesuvericaondisabld[  0.000] PI: SD 00000000E00 0002(v VBOX  )[   0.0000ACI: DTx000003F000 00003C (v01 VBOX   VBOXXSDT 00000001 ASL  00000061)
[    0.000000] ACPI: FACP 0x000000003FF00 00F4 v0 VX  VBOFAP 00001 L 000061)
[  00000]CP DSD 0000003F00 021F(v VOX   VOXOS000002NT2010028
[  0.000]CPI:FA 0000000FF020 00040[   0.0000ACI: CSx000003F020 0040
[    0.000000] ACPI: APIC 0x00000003FF0240005 (02VB  BOXAC 00001 L 000061
  0.000]CP: SS 000003F020 001C(v VBOX VXCUT 0000INTL 2008)
[    0.000000] No NUMcoigrationou
    .000 Fakng ne at[mm 0000000000-0x00003feffff
  .00000] DEDATA) llatedme0xffeb0-0ffffff]
[    0.000000] kvm-clock: Using msrs 4b564d01 and 4b564d00
[    0.000 km-clk:pu0, mr 3fe301, imy pu coc
[   0.00] vvm-lo: sing schd fset o 3092091ycs
[  00000]clocksource: kvm-clock: mask: 0xffffffffffffffff max_cycles: 0x1cd424dfb, x_lens: 88599183 ns
[   00000]onrages:[   .0000] DA     emx000000000000-x000000fff
    .000   D32  mem x0000010000-0000000ffff
[   .000]   orl empty  0.0000  evic  mp
[   .000] Moab ze strtorach de[   0.00] Eay moy nodraes
[    0000]  noe 0:mem 0x000000010-000000009efff]
[  0000] no   0[m 0000000010000x00000ffff][    0000]Initm tu nde [m 0x00000001000x000003ffff
    0000 ACP PTier IPo: x4008   000000]OAC[0] ac_d 2, vrsn , adres xfc000, I 23
  0.0000 APIINT_SR_O (s 0 usrq gloalir2 fl dl)[   0.00] CP: T_C_OV (s bus_i 9loal_irq l lvel)[  0.00000Usg ACI AD forSMcoigurti iormaio
  0.0000 sboot:llwi 2 Cs,0 otlug PU
  0.0000 P Regier nsave mor [em 00000-0x000f]
[    0.000000] PM: Registered nosave memory: [mem 0x0009f000-0x0009ffff]
[   0000 PM:Restred osveemry:me0x00a000-000ffff
[    0.000000] PM: Registered nosave memory: [mem 0x000f0000-0x000fffff]
[    0.000000]82: emx4000000-0feffff aille for PCI devices
[    0.000000] Booting paravirtualized kernel on KVM
[    0.000]lockur: efind-ifes mas: ffffff x_cls:xfffff, axid_n: 745962115 n
[   00000setupepu NR_CPUS:512 nr_cpumask_bits:512 nr_cpu_ids:2 nr_node_ids:1
[   0.0000 PRCPU: mbde34 pgecp@fff883f0000 s54r892 d3128 u1048576
[    0.000000] PV qspinlock hash table entries: 256 (order: 0, 09 byts)[   0.000]uilt zelsts  Ne rdermoliy grpi o.  Ttapas: 291
[    0.000000] Policy zneDM32
  .00000 Knecommd ne BOO_IGEbootvmnu-4.4-1-gnericoo=UID=c499f065-33be65afc3283ccbroonsoe=ty csole=tyS
[  0.0000PI hashtae ntres40 (orr:3,3276 bte
[[  0.000]Memry9972K/0420 aailae 53K keneco, 131K da, 396Krota 1508 it,316Kbs 548K rerd, 0K maesve)
[  00000] UBHWalgn4,rder0- MObjets, Us=2 Nes
[  00000] rn/Uer pe bls solaonenabd    0000 HierachalCU ilenttion
[   0000] uid-ti ausmentofeafanouto .
[  00000]RCretrti CUs fomR_US=512tor_u_id=2
[  0.00] CU: djstngeomet f ru_fno_laf64, nrcpid=2
  .00000NRRQ:33024 nr_irqs:440 16
[    0.000000] Console: colour VGA+ 80x25
[    0.000000] console [ty ebled
[  00000]onle [tyS0] abed
  0.00000] tsc: Detected 3600.000 MHz processor
[   21.942295] Calibrating delay loop (skipped) preset value.. 7200.00 BogoMIPS (lpj=14400000)
[   22.097113] pid_max: default: 32768 minimum: 301
[   22.205820] ACPI: Core revision 20150930
[   22.290672] ACPI: 2 ACPI AML tables successfully acquired and loaded
[   22.438950] Security Framework initialized
[   22.526138] Yama: becoming mindful.
[   22.582399] AppArmor: AppArmor initialized
[   22.670014] Dentry cache hash table entries: 131072 (order: 8, 1048576 bytes)
[   22.756769] Inode-cache hash table entries: 65536 (order: 7, 524288 bytes)
[   22.921181] Mount-cache hash table entries: 2048 (order: 2, 16384 bytes)
[   23.042250] Mountpoint-cache hash table entries: 2048 (order: 2, 16384 bytes)
[   23.066329] Initializing cgroup subsys io
[   23.164187] Initializing cgroup subsys memory
[   23.263657] Initializing cgroup subsys devices
[   23.379123] Initializing cgroup subsys freezer
[   23.471761] Initializing cgroup subsys net_cls
[   23.478874] Initializing cgroup subsys perf_event
[   23.552109] Initializing cgroup subsys net_prio
[   23.615496] Initializing cgroup subsys hugetlb
[   23.731130] Initializing cgroup subsys pids
[   23.774433] CPU: Physical Processor ID: 0
[   23.775129] CPU: Processor Core ID: 0
[   23.854220] FEATURE SPEC_CTRL Not Present
[   23.943101] mce: CPU supports 0 MCE banks
[   24.043870] Last level iTLB entries: 4KB 64, 2MB 8, 4MB 8
[   24.163550] Last level dTLB entries: 4KB 64, 2MB 0, 4MB 0, 1GB 4
[   24.253767] Spectre V2 mitigation: Mitigation: Full generic retpoline
[   24.392998] Spectre V2 mitigation: Speculation control IBPB not-supported IBRS not-supported
[   24.572561] Spectre V2 mitigation: Filling RSB on context switch
[   24.706643] Freeing SMP alternatives memory: 32K
[   24.828714] ftrace: allocating 32202 entries in 126 pages
[   24.990324] smpboot: APIC(0) Converting physical 0 to logical package 0
[   25.139030] smpboot: Max logical packages: 1
[   25.186653] x2apic enabled
[   25.187334] Switched APIC routing to physical x2apic.
[   25.189050] ..TIMER: vector=0x30 apic1=0 pin1=2 apic2=-1 pin2=-1
[   25.397521] smpboot: CPU0: Intel(R) Core(TM) i7-7700 CPU @ 3.60GHz (family: 0x6, model: 0x9e, stepping: 0x9)
[   25.635699] Performance Events: unsupported p6 CPU model 158 no PMU driver, software events only.
[   25.813755] KVM setup paravirtual spinlock
[   25.814964] x86: Booting SMP configuration:
[   25.815576] .... node  #0, CPUs:      #1
[   25.816159] kvm-clock: cpu 1, msr 0:3ffe3041, secondary cpu clock
[   25.829747] mce: CPU supports 0 MCE banks
[   25.895781] x86: Booted up 1 node, 2 CPUs
[   25.965967] smpboot: Total of 2 processors activated (14400.00 BogoMIPS)
[   26.076856] devtmpfs: initialized
[   26.078632] evm: security.selinux
[   26.131279] evm: security.SMACK64
[   26.182745] evm: security.SMACK64EXEC
[   26.252364] evm: security.SMACK64TRANSMUTE
[   26.322201] evm: security.SMACK64MMAP
[   26.391385] evm: security.ima
[   26.458119] evm: security.capability
[   26.469137] clocksource: jiffies: mask: 0xffffffff max_cycles: 0xffffffff, max_idle_ns: 7645041785100000 ns
[   26.604692] futex hash table entries: 512 (order: 3, 32768 bytes)
[   26.706575] pinctrl core: initialized pinctrl subsystem
[   26.825073] RTC time: 13:01:08, date: 05/07/18
[   26.908456] NET: Registered protocol family 16
[   26.993178] cpuidle: using governor ladder
[   27.081261] cpuidle: using governor menu
[   27.163439] PCCT header not found.
[   27.235920] ACPI: bus type PCI registered
[   27.309199] acpiphp: ACPI Hot Plug PCI Controller Driver version: 0.5
[   27.449472] PCI: Using configuration type 1 for base access
[   27.561663] ACPI: Added _OSI(Module Device)
[   27.647502] ACPI: Added _OSI(Processor Device)
[   27.648122] ACPI: Added _OSI(3.0 _SCP Extensions)
[   27.754148] ACPI: Added _OSI(Processor Aggregator Device)
[   27.816259] ACPI: Executed 1 blocks of module-level executable AML code
[   27.953309] ACPI: Interpreter enabled
[   28.030612] ACPI: (supports S0 S5)
[   28.111152] ACPI: Using IOAPIC for interrupt routing
[   28.224270] PCI: Using host bridge windows from ACPI; if necessary, use "pci=nocrs" and report a bug
[   28.424021] ACPI: PCI Root Bridge [PCI0] (domain 0000 [bus 00-ff])
[   28.552551] acpi PNP0A03:00: _OSC: OS supports [ASPM ClockPM Segments MSI]
[   28.698362] acpi PNP0A03:00: _OSC: not requesting OS control; OS requires [ExtendedConfig ASPM ClockPM MSI]
[   28.775219] acpi PNP0A03:00: fail to add MMCONFIG information, can't access extended PCI configuration space under this bridge.
[   28.894152] PCI host bridge to bus 0000:00
[   28.987765] pci_bus 0000:00: root bus resource [io  0x0000-0x0cf7 window]
[   29.126586] pcc_bus 0000:00: root bus resource [io  0x0d00-0xffff window]
[   29.212374] pci_bus 0000:00: root bus resource [mem 0x000a0000-0x000bffff window]
[   29.364817] pci_bus 0000:00: root bus resource [mem 0x40000000-0xfdffffff window]
[   29.471213] pci_bus 0000:00: root bus resource [bus 00-ff]
[   29.582158] pci 0000:00:01.1: legacy IDE quirk: reg 0x10: [io  0x01f0-0x01f7]
[   29.725294] pci 0000:00:01.1: legacy IDE quirk: reg 0x14: [io  0x03f6]
[   29.733694] pci 0000:00:01.1: legacy IDE quirk: reg 0x18: [io  0x0170-0x0177]
[   29.861136] pci 0000:00:01.1: legacy IDE quirk: reg 0x1c: [io  0x0376]
[   30.005938] pci 0000:00:07.0: quirk: [io  0x4000-0x403f] claimed by PIIX4 ACPI
[   30.044955] pci 0000:00:07.0: quirk: [io  0x4100-0x410f] claimed by PIIX4 SMB
[   30.215371] ACPI: PPI Interrupt Link [LNKA] (IRQs 5 9 10 *11)
[   30.239847] ACPI: PCI Interrupt Link [LNKB] (IRQs 5 9 *10 11)
[   30.336743] ACPI: PCI Interrupt Link [LNKC] (IRQs 5 *9 10 11)
[   30.447375] ACPI: PCI Interrupt Link [LNKD] (IRQs 5 9 10 *11)
[   30.454294] ACPI: Enabled 2 GPEs in block 00 to 07
[   30.455373] vgaarb: setting as boot device: PCI:0000:00:02.0
[   30.562543] vgaarb: device added: PCI:0000:00:02.0,decodes=io+mem,owns=io+mem,locks=none
[   30.717013] vgaarb: loaded
[   30.772961] vgaarb: bridge control possible 0000:00:02.0
[   30.877148] SCSI subsystem initialized
[   30.963027] ACPI: bus type USB registered
[   31.015291] usbcore: registered new interface driver usbfs
[   31.139921] usbcore: registered new interface driver hub
[   31.242291] usbcore: registered new device driver usb
[   31.347864] PCI: Using ACPI for IRQ routing
[   31.436470] NetLabel: Initializing
[   31.510782] NetLabel:  domain hash size = 128
[   31.580370] NetLabel:  protocols = UNLABELED CIPSOv4
[   31.581039] NetLabel:  unlabeled traffic allowed by default
[   31.581866] amd_nb: Cannot enumerate AMD northbridges
[   31.691736] clocksource: Switched to clocksource kvm-clock
[   3.8144]ppmo AArorilysm abd  2.34] p:nPCPin
  32.683924] pnp: PnP ACPI: found 3 devices
[   32.737528] clocksource: acpi_pm: mask: 0xffffff max_cycles: 0xffffff, max_idle_ns: 2085701024 ns
[   32.860906] NET: Registered protocol family 2
[   32.861620] TCP established hash table entries: 8192 (order: 4, 65536 bytes)
[   32.879891] TCP bind hash table entries: 8192 (order: 5, 131072 bytes)
[   32.911091] TCP: Hash tables configured (established 8192 bind 8192)
[   32.911885] UDP hash table entries: 512 (order: 2, 16384 bytes)
[   32.912690] UDP-Lite hash table entries: 512 (order: 2, 16384 bytes)
[   32.994870] NET: Registered protocol family 1
[   32.995486] pci 0000:00:00.0: Limiting direct PCI/PCI transfers
[   32.996225] pci 0000:00:01.0: Activating ISA DMA hang workarounds
[   33.109465] Unpacking initramfs...
[   33.371009] Freeing initrd memory: 15352K
[   33.421721] platform rtc_cmos: registered platform RTC device (no PNP device found)
[   33.432618] Scanning for low memory corruption every 60 seconds
[   33.505701] audit: initializing netlink subsys (disabled)
[   33.606555] audit: type=2000 audit(1525698048.298:1): initialized
[   33.736288] Initialise system trusted keyring
[   33.760521] HugeTLB registered 2 MB page size, pre-allocated 0 pages
[   33.774840] zbud: loaded
[   33.845833] VFS: Disk quotas dquot_6.6.0
[   33.873505] VFS: Dquot-cache hash table entries: 512 (order 0, 4096 bytes)
[   33.876011] squashfs: version 4.0 (2009/01/31) Phillip Lougher
[   33.900538] fuse init (API version 7.23)
[   33.962696] Key type big_key registered
[   33.965010] Allocating IMA MOK and blacklist keyrings.
[   33.967200] Key type asymmetric registered
[   33.977501] Asymmetric key parser 'x509' registered
[   33.978303] Block layer SCSI generic (bsg) driver version 0.4 loaded (major 249)
[   33.981108] io scheduler noop registered
[   33.983402] io scheduler deadline registered (default)
[   33.984265] io scheduler cfq registered
[   33.985066] pci_hotplug: PCI Hot Plug PCI Core version: 0.5
[   33.985798] pciehp: PCI Express Hot Plug Controller Driver version: 0.4
[   33.986686] ACPI: AC Adapter [AC] (on-line)
[   34.025338] input: Power Button as /devices/LNXSYSTM:00/LNXPWRBN:00/input/input0
[   34.046276] ACPI: Power Button [PWRF]
[   34.095542] input: Sleep Button as /devices/LNXSYSTM:00/LNXSLPBN:00/input/input1
[   34.217548] ACPI: Sleep Button [SLPF]
[   34.257436] GHES: HEST is not enabled!
[   34.265612] Serial: 8250/16550 driver, 32 ports, IRQ sharing enabled
ÿ[   34.396859] 00:02: ttyS0 at I/O 0x3f8 (irq = 4, base_baud = 115200) is a 16550A
[   34.468564] tsc: Refined TSC clocksource calibration: 3598.807 MHz
[   34.490873] clocksource: tsc: mask: 0xffffffffffffffff max_cycles: 0x33dfebe43f4, max_idle_ns: 440795227011 ns
[ 34956]in agat teface0.3
[   34.962269] loop: module loaded
[   35.025477] scsi host0: ata_piix
[   35.076300] scsi host1: ata_piix
[   35.090663] ata1: PATA max UDMA/33 cmd 0x1f0 ctl 0x3f6 bmdma 0xd000 irq 14
[   35.127183] ata2: PATA max UDMA/33 cmd 0x170 ctl 0x376 bmdma 0xd008 irq 15
[   35.177970] libphy: Fixed MDIO Bus: probed
[   35.223682] tun: Universal TUN/TAP device driver, 1.6
[   35.345209] tun: (C) 1999-2004 Max Krasnyansky <maxk@qualcomm.com>
[   35.373861] PPP generic driver version 2.4.2
[   35.375780] ehci_hcd: USB 2.0 'Enhanced' Host Controller (EHCI) Driver
[   35.416814] ehci-pci: EHCI PCI platform driver
[   35.519773] ehci-platform: EHCI generic platform driver
[   35.550373] ohci_hcd: USB 1.1 'Open' Host Controller (OHCI) Driver
[   35.674312] ohci-pci: OHCI PCI platform driver
[   35.744764] ohci-platform: OHCI generic platform driver
[   35.745441] uhci_hcd: USB Universal Host Controller Interface driver
[   35.746299] i8042: PNP: PS/2 Controller [PNP0303:PS2K,PNP0f03:PS2M] at 0x60,0x64 irq 1,12
[   35.771044] serio: i8042 KBD port at 0x60,0x64 irq 1
[   35.867347] serio: i8042 AUX port at 0x60,0x64 irq 12
[   35.868212] mousedev: PS/2 mouse device common for all mice
[   35.874598] input: AT Translated Set 2 keyboard as /devices/platform/i8042/serio0/input/input2
[   35.886099] rtc_cmos rtc_cmos: rtc core: registered rtc_cmos as rtc0
[   35.898220] c_osrtcm: ar utoneay11bys ra

[   35135i2/d etriedrver
  6.11] vi-mpe uen vsi 1.3

[   37.390751] device-mapper: ioctl: 4.34.0-ioctl (2015-10-28) initialised: dm-devel@redhat.com
[   37.565236] ledtrig-cpu: registered to indicate activity on CPUs
[   37.579544] NET: Registered protocol family 10
[   37.663093] NET: Registered protocol family 17
[   37.684020] Key type dns_resolver registered
[   37.737168] registered taskstats version 1
[   37.828499] Loading compiled-in X.509 certificates
[   37.925406] Loaded X.509 cert 'Build time autogenerated kernel key: 1980cda84f1f26b64be4db6155d00e7fd6d05190'
[   38.134615] zswap: loaded using pool lzo/zbud
[   38.216603] Key type trusted registered
[   38.236467] Key type encrypted registered
[   38.279360] AppArmor: AppArmor sha1 policy hashing enabled
[   38.316460] ima: No TPM chip found, activating TPM-bypass!
[   38.365503] evm: HMAC attrs: 0x1
[   38.366393]   Magic number: 2:857:27
[   38.373512] rtc_cmos rtc_cmos: setting system clock to 2018-05-07 13:01:19 UTC (1525698079)
[   38.438131] BIOS EDD facility v0.16 2004-Jun-25, 0 devices found
[   38.461029] EDD information not available.
[   38.462753] Freeing unused kernel memory: 1508K
[   38.525439] Write protecting the kernel read-only data: 14336k
[   38.526430] Freeing unused kernel memory: 1696K
[   38.558100] Freeing unused kernel memory: 100K
Loading, please [   38.567047] random: systemd-udevd: uninitialized urandom read (16 bytes read, 7 bits of entropy available)
wait...
starting version 229
[   38.567411] random: udevadm: uninitialized urandom read (16 bytes read, 7 bits of entropy available)
[   38.567424] random: udevadm: uninitialized urandom read (16 bytes read, 7 bits of entropy available)
[   38.572739] random: udevadm: uninitialized urandom read (16 bytes read, 7 bits of entropy available)
[   38.572785] random: udevadm: uninitialized urandom read (16 bytes read, 7 bits of entropy available)
[   38.572975] random: udevadm: uninitialized urandom read (16 bytes read, 7 bits of entropy available)
[   38.573008] random: udevadm: uninitialized urandom read (16 bytes read, 7 bits of entropy available)
[   38.573038] random: udevadm: uninitialized urandom read (16 bytes read, 7 bits of entropy available)
[   38.573069] random: udevadm: uninitialized urandom read (16 bytes read, 7 bits of entropy available)
[   38.573097] random: udevadm: uninitialized urandom read (16 bytes read, 7 bits of entropy available)
[   39.049070] Fusion MPT base driver 3.04.20
[   39.064308] Copyright (c) 1999-2008 LSI Corporation
[   39.143308] e1000: Intel(R) PRO/1000 Network Driver - version 7.3.21-k8-NAPI
[   39.254237] e1000: Copyright (c) 1999-2006 Intel Corporation.
[   39.347463] Fusion MPT SPI Host driver 3.04.20
[   39.428669] AVX2 version of gcm_enc/dec engaged.
[   39.545698] AES CTR mode by8 optimization enabled
[   39.657666] input: ImExPS/2 Generic Explorer Mouse as /devices/platform/i8042/serio1/input/input4
[   40.015425] e1000 0000:00:03.0 eth0: (PCI:33MHz:32-bit) 02:a0:c7:70:80:b4
[   40.076297] e1000 0000:00:03.0 eth0: Intel(R) PRO/1000 Network Connection
[   40.080012] mptbase: ioc0: Initiating bringup
[   40.155860] ioc0: LSI53C1030 A0: Capabilities={Initiator}
[   40.433715] scsi host2: ioc0: LSI53C1030 A0, FwRev=00000000h, Ports=1, MaxQ=256, IRQ=20
[   40.680223] scsi 2:0:0:0: Direct-Access     VBOX     HARDDISK         1.0  PQ: 0 ANSI: 5
[   40.816527] scsi target2:0:0: Beginning Domain Validation
[   40.880132] scsi target2:0:0: Domain Validation skipping write tests
[   40.939479] scsi target2:0:0: Ending Domain Validation
[   41.028421] e1000 0000:00:08.0 eth1: (PCI:33MHz:32-bit) 08:00:27:45:87:00
[   41.028423] e1000 0000:00:08.0 eth1: Intel(R) PRO/1000 Network Connection
[   41.201062] e1000 0000:00:08.0 enp0s8: renamed from eth1
[   41.327200] scsi target2:0:0: asynchronous
[   41.417184] scsi 2:0:1:0: Direct-Access     VBOX     HARDDISK         1.0  PQ: 0 ANSI: 5
[   41.424706] e1000 0000:00:03.0 enp0s3: renamed from eth0
[   41.603393] scsi target2:0:1: Beginning Domain Validation
[   41.724443] scsi target2:0:1: Domain Validation skipping write tests
[   41.872384] scsi target2:0:1: Ending Domain Validation
[   41.883287] scsi target2:0:1: asynchronous
[   41.931109] sd 2:0:0:0: Attached scsi generic sg0 type 0
[   42.047753] sd 2:0:0:0: [sda] 20971520 512-byte logical blocks: (10.7 GB/10.0 GiB)
[   42.049470] sd 2:0:1:0: Attached scsi generic sg1 type 0
[   42.049477] sd 2:0:0:0: [sda] Write Protect is off
[   42.055473] sd 2:0:1:0: [sdb] 20480 512-byte logical blocks: (10.5 MB/10.0 MiB)
[   42.056853] sd 2:0:0:0: [sda] Incomplete mode parameter data
[   42.060285] sd 2:0:1:0: [sdb] Write Protect is off
[   42.060396] sd 2:0:1:0: [sdb] Incomplete mode parameter data
[   42.060397] sd 2:0:1:0: [sdb] Assuming drive cache: write through
[   42.136143] sd 2:0:1:0: [sdb] Attached SCSI disk
[   42.470425] sd 2:0:0:0: [sda] Assuming drive cache: write through
[   42.475481]  sda: sda1
[   42.525930] sd 2:0:0:0: [sda] Attached SCSI disk
Begin: Loading e[   43.874869] md: linear personality registered for level -1
ssential drivers ... [   43.977799] md: multipath personality registered for level -4
[   43.989654] md: raid0 personality registered for level 0
[   44.102261] md: raid1 personality registered for level 1
[   44.200389] raid6: sse2x1   gen() 12680 MB/s
[   44.363776] raid6: sse2x1   xor()  9711 MB/s
[   44.524139] raid6: sse2x2   gen() 15253 MB/s
[   44.599867] raid6: sse2x2   xor() 11047 MB/s
[   44.692187] raid6: sse2x4   gen() 18351 MB/s
[   44.859814] raid6: sse2x4   xor() 12051 MB/s
[   45.003955] raid6: avx2x1   gen() 25504 MB/s
[   45.164223] raid6: avx2x2   gen() 28767 MB/s
[   45.296126] raid6: avx2x4   gen() 32147 MB/s
[   45.422030] raid6: using algorithm avx2x4 gen() 32147 MB/s
[   45.543131] raid6: using avx2x2 recovery algorithm
[   45.629142] xor: automatically using best checksumming function:
[   45.815980]    avx       : 21599.000 MB/sec
[   45.932924] async_tx: api initialized (async)
[   45.978237] md: raid6 personality registered for level 6
[   46.080346] md: raid5 personality registered for level 5
[   46.088715] md: raid4 personality registered for level 4
[   46.120539] md: raid10 personality registered for level 10
done.
Begin: Running /scripts/init-premount ... done.
Begin: Mounting root file system ... Begin: R[   46.265960] Btrfs loaded
unning /scripts/local-top ... do[   46.373883] EXT4-fs (sda1): mounted filesystem with ordered data mode. Opts: (null)
ne.
Begin: Running /scripts/local-premount ... Scanning for Btrfs filesystems
done.
Warning: fsck not present, so skipping root file system
done.
Begin: Running /scripts/local-bottom ... done.
Begin: Running /scripts/init-bottom ... done.
[   46.576536] systemd[1]: systemd 229 running in system mode. (+PAM +AUDIT +SELINUX +IMA +APPARMOR +SMACK +SYSVINIT +UTMP +LIBCRYPTSETUP +GCRYPT +GNUTLS +ACL +XZ -LZ4 +SECCOMP +BLKID +ELFUTILS +KMOD -IDN)
[   46.791686] systemd[1]: Detected virtualization oracle.
[   46.914925] systemd[1]: Detected architecture x86-64.

Welcome to [1mUbuntu 16.04.4 LTS[0m!

[   46.984691] systemd[1]: Set hostname to <srv02web>.
[   47.091154] systemd[1]: Reached target User and Group Name Lookups.
[[0;32m  OK  [0m] Reached target User and Group Name Lookups.
[   47.299381] systemd[1]: Listening on udev Control Socket.
[[0;32m  OK  [0m] Listening on udev Control Socket.
[   47.476703] systemd[1]: Listening on Journal Audit Socket.
[[0;32m  OK  [0m] Listening on Journal Audit Socket.
[   47.624374] systemd[1]: Set up automount Arbitrary Executable File Formats File System Automount Point.
[[0;32m  OK  [0m] Set up automount Arbitrary Executab...ats File System Automount Point.
[   47.732517] systemd[1]: Listening on Journal Socket (/dev/log).
[[0;32m  OK  [0m] Listening on Journal Socket (/dev/log).
[   47.828930] systemd[1]: Listening on Device-mapper event daemon FIFOs.
[[0;32m  OK  [0m] Listening on Device-mapper event daemon FIFOs.
[   48.088576] systemd[1]: Listening on /dev/initctl Compatibility Named Pipe.
[[0;32m  OK  [0m] Listening on /dev/initctl Compatibility Named Pipe.
[   48.304685] systemd[1]: Reached target Swap.
[[0;32m  OK  [0m] Reached target Swap.
[   48.436617] systemd[1]: Listening on Syslog Socket.
[[0;32m  OK  [0m] Listening on Syslog Socket.
[   48.591440] systemd[1]: Listening on udev Kernel Socket.
[[0;32m  OK  [0m] Listening on udev Kernel Socket.
[   48.748298] systemd[1]: Listening on LVM2 metadata daemon socket.
[   48.851521] random: nonblocking pool is initialized
[[0;32m  OK  [0m] Listening on LVM2 metadata daemon socket.
[   49.888260] systemd[1]: Started Trigger resolvconf update for networkd DNS.
[[0;32m  OK  [0m] Started Trigger resolvconf update for networkd DNS.
[   49.940436] systemd[1]: Created slice User and Session Slice.
[[0;32m  OK  [0m] Created slice User and Session Slice.
[   50.124734] systemd[1]: Listening on Journal Socket.
[[0;32m  OK  [0m] Listening on Journal Socket.
[   50.201038] systemd[1]: Created slice System Slice.
[[0;32m  OK  [0m] Created slice System Slice.
[   50.333935] systemd[1]: Reached target Slices.
[[0;32m  OK  [0m] Reached target Slices.
[   50.496017] systemd[1]: Mounting POSIX Message Queue File System...
         Mounting POSIX Message Queue File System...
[   50.632977] systemd[1]: Created slice system-serial\x2dgetty.slice.
[[0;32m  OK  [0m] Created slice system-serial\x2dgetty.slice.
[   50.727871] systemd[1]: Starting Journal Service...
         Starting Journal Service...
[   50.792015] systemd[1]: Mounting Debug File System...
         Mounting Debug File System...
[   50.964355] systemd[1]: Starting Nameserver information manager...
         Starting Nameserver information manager...
[   51.048696] systemd[1]: Starting Uncomplicated firewall...
         Starting Uncomplicated firewall...
[   51.208049] systemd[1]: Starting Set console keymap...
         Starting Set console keymap...
[   51.313812] systemd[1]: Starting Load Kernel Modules...
         Startin[   51.392146] Loading iSCSI transport class v2.0-870.
g Load Kernel Mo[   51.523916] iscsi: registered transport (tcp)
dules...
[   51.574851] systemd[1]: Starting Remount Root and Kernel File Systems...
[   51.577652] EXT4-fs (sda1): re-mounted. Opts: (null)
         Startin[   51.781288] iscsi: registered transport (iser)
g Remount Root and Kernel File Systems...
[   52.308647] systemd[1]: Starting Create list of required static device nodes for the current kernel...
         Starting Create list of required st... nodes for the current kernel...
[   544387]ystemd[1]: Mounting Huge Pages File System...
         Mounting Huge Pages File System...
[ 5269213] stemd[1]: Rech tge Encypd lus.
[[0;32m  OK  [0m] Reached target Encrypted Volumes.
[   53803]ystemd]: Startd rwd ssrdeques o Wa DecorWah.
[[0;32m  OK  [0m] Started Forward Password Requests to Wall Directory Watch.
[  52019syem1]Listening o L2 llaen ocet.
[[0;32m  OK  [0m] Listening on LVM2 poll daemon socket.
[   54.880542] systemd[1]: Starting Monitoring of LVM2 mirrors, snapshots etc. using dmeventd or progress polling...
         Starting Monitoring of LVM2 mirrors... dmeventd or progress polling...
[   55.057359] systemd[1]: Mounted Debug File System.
[[0;32m  OK  [0m] Mounted Debug File System.
[ 550879] ysmd]:ountd OS Msae euFi Sysm.
[[0;32m  OK  [0m] Mounted POSIX Message Queue File System.
[ 5540330] sstd[: und uge geFi Ste
[[0;32m  OK  [0m] Mounted Huge Pages File System.
[  55827sytemd[1: arted oualSeic
[[0;32m  OK  [0m] Started Journal Service.
[[0;32m  OK  [0m] Started Uncomplicated firewall.
[[0;32m  OK  [0m] Started Set console keymap.
[[0;32m  OK  [0m] Started Load Kernel Modules.
[[0;32m  OK  [0m] Started Remount Root and Kernel File Systems.
[[0;32m  OK  [0m] Started Create list of required sta...ce nodes for the current kernel.
[[0;32m  OK  [0m] Started Nameserver information manager.
[[0;32m  OK  [0m] Started LVM2 metadata daemon.
         Starting Create Static Device Nodes in /dev...
         Starting udev Coldplug all Devices...
         Starting Initial cloud-init job (pre-networking)...
         Starting Load/Save Random Seed...
         Mounting FUSE Control File System...
         Starting Apply Kernel Variables...
         Starting Flush Journal to Persistent Storage...
[[0;32m  OK  [0m] Mounted FUSE Control File System.
[[0;32m  OK  [0m] Started Monitoring of LVM2 mirrors,...ng dmeventd or progress polling.
[[0;32m  OK  [0m] Started Create Static Device Nodes in /dev.
[[0;32m  OK  [0m] Started Load/Save Random Seed.
[[0;32m  OK  [0m] Started Apply Kernel Variables.
[[0;32m  OK  [0m] Started udev Coldplug all Devices.
[[0;32m  OK  [0m] Started Flush Journal to Persistent Storage.
         Starting udev Kernel Device Manager...
[[0;32m  OK  [0m] Started udev Kernel Device Manager.
[[0;32m  OK  [0m] Reached target Local File Systems (Pre).
[[0;32m  OK  [0m] Reached target Local File Systems.
[   27.265134] cloud-init[449]: Cloud-init v. 17.2 running 'init-local' at Mon, 07 May 2018 13:01:39 +0000. Up 27.02 seconds.
         Starting Tell Plymouth To Write Out Runtime Data...
         Starting Set console font and keymap...
         Starting LSB: AppArmor initialization...
         Starting Create Volatile Files and Directories...
[[0;32m  OK  [0m] Started Dispatch Password Requests to Console Directory Watch.
[[0;32m  OK  [0m] Started Tell Plymouth To Write Out Runtime Data.
[[0;32m  OK  [0m] Started Set console font and keymap.
[[0;32m  OK  [0m] Started Create Volatile Files and Directories.
[[0;32m  OK  [0m] Started Initial cloud-init job (pre-networking).
[[0;32m  OK  [0m] Found device /dev/ttyS0.
[[0;32m  OK  [0m] Listening on Load/Save RF Kill Switch Status /dev/rfkill Watch.
[[0;32m  OK  [0m] Reached target Network (Pre).
         Starting Update UTMP about System Boot/Shutdown...
[[0;32m  OK  [0m] Reached target System Time Synchronized.
[[0;32m  OK  [0m] Created slice system-getty.slice.
[[0;32m  OK  [0m] Started LSB: AppArmor initialization.
         Starting Raise network interfaces...
[[0;32m  OK  [0m] Started ifup for enp0s3.
[[0;32m  OK  [0m] Started ifup for enp0s8.
[[0;32m  OK  [0m] Started Update UTMP about System Boot/Shutdown.
[[0;32m  OK  [0m] Started Raise network interfaces.
         Starting Initial cloud-init job (metadata service crawler)...
[[0;32m  OK  [0m] Reached target Network.
[   29.465872] cloud-init[1038]: Cloud-init v. 17.2 running 'init' at Mon, 07 May 2018 13:01:41 +0000. Up 29.27 seconds.
[   29.633165] cloud-init[1038]: ci-info: ++++++++++++++++++++++++++++++++++++++Net device info++++++++++++++++++++++++++++++++++++++
[   29.788423] cloud-init[1038]: ci-info: +--------+------+-----------------------------+---------------+-------+-------------------+
[   29.944217] cloud-init[1038]: ci-info: | Device |  Up  |           Address           |      Mask     | Scope |     Hw-Address    |
[   30.092690] cloud-init[1038]: ci-info: +--------+------+-----------------------------+---------------+-------+-------------------+
[[0;32m  OK  [0m] Started Initial cloud-init job (metadata service crawler).
[[0;32m  OK  [0m] Reached target System Initialization.
[   30.199704] cloud-init[1038]: ci-info: | enp0s3 | True |          10.0.2.15          | 255.255.255.0 |   .   | 02:a0:c7:70:80:b4 |
         Starting Docker Socket for the API.
[   30.585100] [cloud-init[0;32m  OK  [0m[1038]: ] ci-info: | enp0s3 | True |  fe80::a0:c7ff:fe70:80b4/64 |       .       |  link | 02:a0:c7:70:80:b4 |Started Daily apt download activities.

[[0;32m  OK  [0m] Started Daily Cleanup of Temporary Directories.
[   30.585408] cloud-init[1038]: ci-info: | enp0s8 | True |          10.1.0.111         | 255.255.255.0 |   .   | 08:00:27:45:87:00 |
[   30.820721]          cloud-initStarting LXD - unix socket.[1038]: 
ci-info: | enp0s8 | True | fe80::a00:27ff:fe45:8700/64 |       .       |  link | 08:00:27:45:87:00 |
[   30.972498]          cloud-initStarting Socket activation for snappy daemon.[1038]: 
ci-info: |   lo   | True |          127.0.0.1          |   255.0.0.0   |   .   |         .         |
[   31.240754] [cloud-init[0;32m  OK  [0m[1038]: ] ci-info: |   lo   | True |           ::1/128           |       .       |  host |         .         |Listening on D-Bus System Message Bus Socket.

[[0;32m  OK  [0m] Started Daily apt upgrade and clean activities.
[[0;32m  OK  [0m] Listening on UUID daemon activation socket.
[   31.241166] cloud-init[1038]: ci-info: +--------+------+-----------------------------+---------------+-------+-------------------+
[   31.785267] [cloud-init[0;32m  OK  [0m[1038]: ] ci-info: +++++++++++++++++++++++++++Route IPv4 info++++++++++++++++++++++++++++Started ACPI Events Check.

[[0;32m  OK  [0m] Reached target Paths.
[[   31.785598] [0;32m  OK  [0mcloud-init] [1038]: Started Timer to automatically refresh installed snaps.ci-info: +-------+-------------+----------+---------------+-----------+-------+

[   32.105054] [cloud-init[0;32m  OK  [0m[1038]: ] ci-info: | Route | Destination | Gateway  |    Genmask    | Interface | Flags |Reached target Timers.

[[0;32m  OK  [0m] Listening on ACPID Listen Socket.
[[0;32m  OK  [0m] Reached target Network is Online.
[   32.105342] cloud-init[1038]: ci-info: +-------+-------------+----------+---------------+-----------+-------+
[   32.568498]          cloud-initStarting iSCSI initiator daemon (iscsid)...[1038]: 
ci-info: |   0   |   0.0.0.0   | 10.0.2.2 |    0.0.0.0    |   enp0s3  |   UG  |
[   32.788253] [cloud-init[0;32m  OK  [0m[1038]: ] ci-info: |   1   |   10.0.2.0  | 0.0.0.0  | 255.255.255.0 |   enp0s3  |   U   |Reached target Cloud-config availability.

[   32.788588] cloud-init[1038]: ci-info: |   2   |   10.1.0.0  | 0.0.0.0  | 255.255.255.0 |   enp0s8  |   U   |
[   33.125175] [cloud-init[0;32m  OK  [0m[1038]: ] ci-info: +-------+-------------+----------+---------------+-----------+-------+Listening on Docker Socket for the API.

[[0;32m  OK  [0m] Listening on LXD - unix socket.
[[0;32m  OK  [0m] Listening on Socket activation for snappy daemon.
[[0;32m  OK  [0m] Reached target Sockets.
[[0;32m  OK  [0m] Reached target Basic System.
[[0;32m  OK  [0m] Started Regular background program processing daemon.
[[0;32m  OK  [0m] Started ACPI event daemon.
[[0;32m  OK  [0m] Started Deferred execution scheduler.
         Starting Snappy daemon...
[[0;32m  OK  [0m] Started FUSE filesystem for LXC.
         Starting Accounts Service...
[[0;32m  OK  [0m] Started Unattended Upgrades Shutdown.
         Starting System Logging Service...
         Starting Apply the settings specified in cloud-config...
         Starting LSB: Record successful boot for GRUB...
         Starting /etc/rc.local Compatibility...
         Starting LSB: MD monitoring daemon...
[   34.203268] cloud-init[1124]: Cloud-init v. 17.2 running 'modules:config' at Mon, 07 May 2018 13:01:46 +0000. Up 34.11 seconds.
         Starting OpenBSD Secure Shell server...
[[0;32m  OK  [0m] Started D-Bus System Message Bus.
         Starting LXD - container startup/shutdown...
         Starting Login Service...
         Starting Docker Application Container Engine...
[[0;32m  OK  [0m] Started Snappy daemon.
[[0;32m  OK  [0m] Started System Logging Service.
[[0;32m  OK  [0m] Started OpenBSD Secure Shell server.
[[0;32m  OK  [0m] Started iSCSI initiator daemon (iscsid).
[[0;32m  OK  [0m] Started Apply the settings specified in cloud-config.
[[0;32m  OK  [0m] Started /etc/rc.local Compatibility.
[[0;32m  OK  [0m] Started LXD - container startup/shutdown.
[[0;32m  OK  [0m] Started LSB: Record successful boot for GRUB.
[[0;32m  OK  [0m] Started LSB: MD monitoring daemon.
         Starting Authenticate and Authorize Users to Run Privileged Tasks...
         Starting Login to default iSCSI targets...
[[0;32m  OK  [0m] Started Login Service.
[[0;32m  OK  [0m] Started Authenticate and Authorize Users to Run Privileged Tasks.
[[0;32m  OK  [0m] Started Accounts Service.
[[0;32m  OK  [0m] Started Login to default iSCSI targets.
[[0;32m  OK  [0m] Reached target Remote File Systems (Pre).
[[0;32m  OK  [0m] Reached target Remote File Systems.
         Starting LSB: VirtualBox Linux Additions...
         Starting LSB: automatic crash report generation...
         Starting Permit User Sessions...
         Starting LSB: Set the CPU Frequency Scaling governor to "ondemand"...
         Starting LSB: Set up cgroupfs mounts....
         Starting LSB: daemon to balance interrupts for SMP systems...
[[0;32m  OK  [0m] Started Docker Application Container Engine.
[[0;32m  OK  [0m] Started Permit User Sessions.
[[0;32m  OK  [0m] Started LSB: Set up cgroupfs mounts..
[[0;32m  OK  [0m] Started LSB: Set the CPU Frequency Scaling governor to "ondemand".
[[0;32m  OK  [0m] Started LSB: VirtualBox Linux Additions.
[[0;32m  OK  [0m] Started LSB: automatic crash report generation.
[[0;32m  OK  [0m] Created slice User Slice of vagrant.
         Starting User Manager for UID 1000...
[[0;32m  OK  [0m] Started Session 1 of user vagrant.
         Starting Hold until boot process finishes up...
         Starting Terminate Plymouth Boot Screen...
[[0;32m  OK  [0m] Started User Manager for UID 1000.
[[0;32m  OK  [0m] Started LSB: daemon to balance interrupts for SMP systems.
[[0;32m  OK  [0m] Started Hold until boot process finishes up.
[[0;32m  OK  [0m] Started Terminate Plymouth Boot Screen.
         Starting Set console scheme...
[[0;32m  OK  [0m] Started Getty on tty1.
[[0;32m  OK  [0m] Started Serial Getty on ttyS0.
[[0;32m  OK  [0m] Reached target Login Prompts.
[[0;32m  OK  [0m] Reached target Multi-User System.
         Starting Execute cloud user/final scripts...
[[0;32m  OK  [0m] Reached target Graphical Interface.
         Starting Update UTMP about System Runlevel Changes...
[[0;32m  OK  [0m] Started Set console scheme.
[   37.399601] cloud-init[1506]: Cloud-init v. 17.2 running 'modules:final' at Mon, 07 May 2018 13:01:49 +0000. Up 37.31 seconds.
[   37.454086] cloud-init[1506]: Cloud-init v. 17.2 finished at Mon, 07 May 2018 13:01:49 +0000. Datasource DataSourceNoCloud [seed=/dev/sdb][dsmode=net].  Up 37.39 seconds
[[0;32m  OK  [0m] Started Update UTMP about System Runlevel Changes.
[[0;32m  OK  [0m] Started Execute cloud user/final scripts.
[[0;32m  OK  [0m] Reached target Cloud-init target.

Ubuntu 16.04.4 LTS srv02web ttyS0

srv02web login: 