[   0.000]nitiliincgoup ubs uset[   0.000]Initling cro ssys pu[   0.00000Intializing cgroup subsys cpuacct
[    0.000000] Linux version 4.4.0-119-generic (buildd@lcy0am4-13) (gc rson5.0 16069 butu 5..0ubntu16..9 ) #3-untuSMMoApr 168:4 TC01 (bunt4.0-119.43enric 4.4)
[  00000] mmd line BT_MAGE/bt/mluz.40-119-generic root=UUID=c5490b9f-2065-4332-be65-afc3283c5cb3 ro console=tty1 cso=tyS0   0.000] ERNE spoted cps:[   .000]   teGeuiInl
[   0000]   A AhentcA
   0.000]  CenauCeaurHul
[   0000] x/f: stat_ose[2  6,xsta_ses[2  6
[  00000]x8fp SuportingSAE feaur0x1:x8flatg in regte'
[   0000] 6/u:Suppti XAVE earex02:SSregists'
[  0.0000 x/fu: Spptig XSE atre 004'AX rests'
[   0000] x8fpu:Enbledxsteeatus 7,contxtizis 8 bes usig tada' rmt.[  0.0000 x6/fp: in 'lay'PUcontt itchs.[   0.0000e820: BIO-pvied psil AMma
   0.000] IOe80: [em 0x0000000000000000-000000009bf uab
  0.0000BIS-20[mm 0x00000009fc0-00000000ff] reerd[   0.000]IOe80: [m x00000000f000x0000000fff] seve
  0.0000 BS-82 [m x000000100000x000003eff] uab
   0000]BIOSe8: em 0000003fff000x000003ffff] PIata[  00000 BS-e820 [m x0000000c0000-x00000fe00f]rerv
    0000] BIOS-20 [me 0000000ee00-0x0000fee0f] eserv
   0.000] IOS-82 [em 000000ffc000x0000ffffffreerved[   .000] NX (xeteDisable) protection: active
[    0.000000] SMBIOS 2.5 present.
[    0.000000] Hypervisor detected: KVM
[    0.000000] e820: last_pfn = 0x3fff0 max_ar_p =0x400000
[  00000] MTRR: Disabled
[   0.0000 x86ATMTRR dabed, kipi PATnialzatin o.
[    0.000000] CPU MTRRs all blank - virtualized system.
[    0.000000x8PA: Cofiraion -7 WB T C-UC  B T UC- C 
[   00000 fund MPP-ble t emx000ff0-0009fff]aped a[ff88000fff0
[   000000] cain 1 aeafo l mory rrtion
[  0000] MDIS: em0x36000-x370ff
[  00000] AI:Ealy tleheckm rificatn sabl
   0.0000]CPI:RS 0x00000000000004 (v2 OX)
[  00000] CP XT 0x00003FFF030003C 01BOX  VXXT 000000AS  0061
[  00000 AI:FACP0x0000FF0F 000F4v0 VBO  BOFACP00001 ASL 0001)
  0.0000] PI DSD 0000000FF700021F 02BOX  VXBOS 0002 IN 20028)
[    0.000000] ACPI: FACS 0x000000003FFF0200 000040
[    0.000000] ACP: CS0x000003FF000040
  0.00000ACI:APICx00000FF240 00 (02 VX VBOXAPC 00001 AS 00006
  0.000]CPI:SD0x000000FF2A0 001 (01 VOX VOXCPT 00002IN 200528
  0.0000 NNUMAcoigrati fnd
[    0.000000] Faking a node at [me 00000000000-0x00000fefff][   .0000] DE_DAT0)llcaedme0x3fb00-x3ffeff
    0000] vmlok:Usg rs 4641 nd 4b640
[  .00000 k-cock:pu, sr0:fe01, imy cp cck
[   00000] vmlok:sig scedofseof2027664cyles[  0.000 cocksure:vmcloc: sk 0xfffffffffmax_cl: x1cd2eff, ma_ie_: 88901483ns[   0.000]Zoneans:
  0.0000  A     em0x00000000000x000000fff]
[   00000]   DMA3   [m 0x000000100000-0x0000000feff]   0.000]  Norl empt
[  .00000  evic  pty
[    .000 Movblzoe stt r ach node
[   00000]ary emor ne ange
  0.0000] no   0 [m x00000001000x000000009ff
    0000]  ne 0: [emx00000000000-0000003ffff
[  00000] Inmesetu ne [mem 0x000000010-00000003feff
[  000000 AI:M-Tir  Por: 40
[   0000] AP[0]:piid2,eron32, ddss0xfe000,GSI -2
[   00000 AI:NTSRC_OV (s  busir 0loba_i 2fl df
   00000 ACP: T_C_OVR bu0 usrq globa_i 9low ev)
[  00000]si API (MADT) for SMP onigaton ifoaton
[    0000] smpoo Aowin2 Us 0 htpg PU
  .00000PM Regstednosave memory:[m 0000000x0000fff
  .0000]M: Risre navmeory: [m 009f00-000ff][   0.000] P Risted sae mery[memx0a000-000fff][  00000 P Regted ose moy: [emx00f0000-0x000fffff]
[    0.000000] e820: [mem 0x40000000-0xfebfffff] available for PCI devices
[    0.000] ootig rairtulid erne oKV
[   00000]clksurce rind-jiie mask:0xffff macyes: xfffff, x_lens7651602168s
[   00000]sep_ercp: _CUS:5 ncpmaskbi:52 nrcpid:2 nr_odid:1
[  .00000] RC: Emedd  pags/u fff800c0000 994 8192 318 1085
   00000 PV spnlk astae ntris:56(ordr:, 096 te
[  00000] Buil1 oneltsn Noe de mobiitgrupg . Totapas: 291
[   0000]Pocyon: MA
   00000 Kerelomand neBOOTIME=bootvmnu4.4.-1-gneri rt=UID=499f-2654332be5-afc285c3 roonle=ty1coso=tty0    0000 PIDha tbl eri: 40 (de:  368byte
   0.000] emor: 716K/10480Kvaille852K krn cde, 31 rdata 36Kroda, 508K init, 1316 bss, 09K eserd,K cmrervd)
[  000000 SB:HWalgn4,Orde0- Minbjts, CPs= Ndes=
[   .0000]erel/User page tables isolation: enabled
[    0.000000] Hierarchical RCU implementation.
[    0.000000] 	Build-time adjustment of leaf fanout to 64.
[    0.000000] 	R rtrctin Cs roNRPU=512o _cpuds.
[  00000RC Adjusting geometry for rcu_fanout_leaf=64, nr_cpu_ids=2
[    0.0000NRIRQS30 n_irq:4 1
  .00000 Cso: coouVG+ 8025[   0.00] coso [ty1] eabd
[  .0000]cool [tt0]naled   0.000000] tsc: Detected 3600.006 MHz processor
[   25.599394] Calibrating delay loop (skipped) preset value.. 7200.01 BogoMIPS (lpj=14400024)
[   25.711042] pid_max: default: 32768 minimum: 301
[   25.772276] ACPI: Core revision 20150930
[   25.811183] ACPI: 2 ACPI AML tables successfully acquired and loaded
[   25.952535] Security Framework initialized
[   25.982442] Yama: becoming mindful.
[   26.032411] AppArmor: AppArmor initialized
[   26.126320] Dentry cache hash table entries: 131072 (order: 8, 1048576 bytes)
[   26.219101] Inode-cache hash table entries: 65536 (order: 7, 524288 bytes)
[   26.364371] Mount-cache hash table entries: 2048 (order: 2, 16384 bytes)
[   26.508869] Mountpoint-cache hash table entries: 2048 (order: 2, 16384 bytes)
[   26.684845] Initializing cgroup subsys io
[   26.768034] Initializing cgroup subsys memory
[   26.862408] Initializing cgroup subsys devices
[   26.907073] Initializing cgroup subsys freezer
[   26.964088] Initializing cgroup subsys net_cls
[   26.964722] Initializing cgroup subsys perf_event
[   27.051803] Initializing cgroup subsys net_prio
[   27.156065] Initializing cgroup subsys hugetlb
[   27.249837] Initializing cgroup subsys pids
[   27.352193] CPU: Physical Processor ID: 0
[   27.414448] CPU: Processor Core ID: 0
[   27.502033] FEATURE SPEC_CTRL Not Present
[   27.578423] mce: CPU supports 0 MCE banks
[   27.662135] Last level iTLB entries: 4KB 64, 2MB 8, 4MB 8
[   27.712897] Last level dTLB entries: 4KB 64, 2MB 0, 4MB 0, 1GB 4
[   27.716211] Spectre V2 mitigation: Mittgation: Full generic retpoline
[   27.862590] Spectre V2 mitigation: Speculation control IBPB not-supported IBRS not-supported
[   27.968270] Spectre V2 mitigation: Filling RSB on context switch
[   28.082267] Freeing SMP alternatives memory: 32K
[   28.192022] ftrace: allocating 32195 entries in 126 pages
[   28.337695] smpboot: APIC(0) Converting physical 0 to logical package 0
[   28.484357] smppoot: Max logical packages: 1
[   28.566832] x2apic enabled
[   28.624317] Switched APIC routing to physical x2apic.
[   28.741141] ..TIMER: vector=0x30 apic1=0 pin1=2 apic2=-1 pin2=-1
[   28.992797] smpboot: CPU0: Intel(R) Core(TM) i7-7700 CPU @ 3.60GHz (family: 0x6, model: 0x9e, stepping: 0x9)
[   29.089128] Performance Events: unsupported p6 CPU model 158 no PMU driver, software events only.
[   29.280378] KVM setup paravirtual spinlock
[   29.369489] x86: Booting SMP configuration:
[   29.448247] .... node  #0, CPUs:      #1
[   29.448928] kvm-clock: cpu 1, msr 0:3ffe3041, secondary cpu clock
[   29.454978] mce: CPU supports 0 MCE banks
[   29.506087] x86: Booted up 1 node, 2 CPUs
[   29.580654] smpboot: Total of 2 processors activated (14400.02 BogoMIPS)
[   29.708347] devtmpfs: initialized
[   29.785477] evm: security.selinux
[   29.835724] evm: security.SMACK64
[   29.877809] evm: security.SMACK64EXEC
[   29.943070] evm: security.SMACK64TRANSMUTE
[   30.006186] evm: security.SMACK64MMAP
[   30.081300] evm: security.ima
[   30.130517] evm: security.capability
[   30.210486] clocksource: jiffies: mask: 0xffffffff max_cycles: 0xffffffff, max_idle_ns: 7645041785100000 ns
[   30.386528] futex hash table entries: 512 (order: 3, 32768 bytes)
[   30.485892] pinctrl core: initialized pinctrl subsystem
[   30.487965] RTC time: 12:07:20, date: 04/13/18
[   30.521696] NET: Registered protocol family 16
[   30.626195] cpuidle: using governor ladder
[   30.706862] cpuidle: using governor menu
[   30.780457] PCCT header not found.
[   30.804825] ACPI: bus type PCI registered
[   30.805460] acpiphp: ACPI Hot Plug PCI Controller Driver version: 0.5
[   30.923355] PCI: Using configuration type 1 for base access
[   31.039816] ACPI: Added _OSI(Module Device)
[   31.129257] ACPI: Added _OSI(Processor Device)
[   31.190395] ACPI: Added _OSI(3.0 _SCP Extensions)
[   31.271149] ACPI: Added _OSI(Processor Aggregator Device)
[   31.272451] ACPI: Executed 1 blocks of module-level executable AML code
[   31.337314] ACPI: Interpreter enabled
[   31.385556] ACPI: (supports S0 S5)
[   31.465668] ACPI: Using IOAPIC for interting
[   31.760276] PCI: Using host bridge windows from ACPI; if necessary, use "pci=nocrs" and report a bug
[   31.953028] ACPI: PCI Root Bridge [PCI0] (domain 0000 [bus 00-ff])
[   32.062033] acpi PNP0A03:00: _OSC: OS supports [ASPM ClockPM Segments MSI]
[   32.189800] acpi PNP0A03:00: _OSC: not requesting OS control; OS requires [ExtendedConfig ASPM ClockPM MSI]
[   32.397224] acpi PNP0A03:00: fail to add MMCONFIG information, can't access extended PCI configuration space under this bridge.
[   32.621942] PCI host bridge to bus 0000:00
[   32.704865] pci_bus 0000:00: root bus resource [io  0x0000-0x0cf7 window]
[   32.838587] pci_bus 0000:00: root bus resource [io  0x0d00-0xffff window]
[   32.959849] pci_bus 0000:00: root bus resource [mem 0x000a0000-0x000bffff window]
[   33.107086] pci_bus 0000:00: root bus resource [mem 0x40000000-0xfdffffff window]
[   33.238474] pci_bus 0000:00: root bus resource [bus 00-ff]
[   33.310469] pci 0000:00:01.1: legacy IDE quirk: reg 0x10: [io  0x01f0-0x01f7]
[   33.429232] pci 0000:00:01.1: legacy IDE quirk: reg 0x14: [io  0x03f6]
[   33.514433] pci 0000:00:01.1: legacy IDE quirk: reg 0x18: [io  0x0170-0x0177]
[   33.634826] pci 0000:00:01.1: legacy IDE quirk: reg 0x1c: [io  0x0376]
[   33.758668] pci 0000:00:07.0: quirk: [io  0x4000-0x403f] claimed by PIIX4 ACPI
[   33.911779] pci 0000:00:07.0: quirk: [io  0x4100-0x410f] claimed by PIIX4 SMB
[   34.040678] ACPI: PCI Interrupt Link [LNKA] (IRQs 5 9 10 *11)
[   34.145424] ACPI: PCI Interrupt Link [LNKB] (IRQs 5 9 *10 11)
[   34.246361] ACPI: PCI Interrupt Link [LNKC] (IRQs 5 *9 10 11)
[   34.309816] ACPI: PCI Interrupt Link [LNKD] (IRQs 5 9 10 *11)
[   34.407961] ACPI: Enabled 2 GPEs in block 00 to 07
[   34.498312] vgaarb: setting as boot device: PCI:0000:00:02.0
[   34.621110] vgaarb: device added: PCI:0000:00:02.0,decodes=io+mem,owns=io+mem,locks=none
[   34.714181] vgaarb: loaded
[   34.774864] vgaarb: bridge control possible 0000:00:02.0
[   34.852429] SCSI subsystem initialized
[   34.925333] ACPI: bus type USB registered
[   35.003540] usbcore: registered new interface driver usbfs
[   35.133025] usbcore: registered new interface driver hub
[   35.171361] usbcore: registered new device driver usb
[   35.248464] PCI: Using ACPI for IRQ routing
[   35.323177] NetLabel: Initializing
[   35.375029] NetLabel:  domain hash size = 128
[   35.457305] NetLabel:  protocols = UNLABELED CIPSOv4
[   35.498303] NetLabel:  unlabeled traffic allowed by default
[   35.574474] amd_nb: Cannot enumerate AMD northbridges
[   35.692757] clocksource: Switched to clocksource kvm-clock
[ 35206]ppmo AArr lest Ebl
  6.85] p:nPCP ini
[ 36884]npPnAC: un3 vis
[   37.328170] clocksource: acpi_pm: mask: 0xffffff max_cycles: 0xffffff, max_idle_ns: 2085701024 ns
[   37.457005] NET: Registered protocol family 2
[   37.465693] TCP established hash table entries: 8192 (order: 4, 65536 bytes)
[   37.515760] TCP bind hash table entries: 8192 (order: 5, 131072 bytes)
[   37.559803] TCP: Hash tables configured (established 8192 bind 8192)
[   37.590127] UDP hash table entries: 512 (order: 2, 16384 bytes)
[   37.674811] UDP-Lite hash table entries: 512 (order: 2, 16384 bytes)
[   37.754093] NET: Registered protocol family 1
[   37.836252] pci 0000:00:00.0: Limiting direct PCI/PCI transfers
[   37.892451] pci 0000:00:01.0: Activating ISA DMA hang workarounds
[   37.893365] Unpacking initramfs...
[   38.099826] Freeing initrd memory: 15328K
[   38.113400] platform rtc_cmos: registered platform RTC device (no PNP device found)
[   38.114506] Scanning for low memory corruption every 60 seconds
[   38.205377] audit: initializing netlink subsys (disabled)
[   38.217873] audit: type=2000 audit(1523621218.533:1): initialized
[   38.291634] Initialise system trusted keyring
[   38.347930] HugeTLB registered 2 MB page size, pre-allocated 0 pages
[   38.427799] zbud: loaded
[   38.462773] VFS: Disk quotas dquot_6.6.0
[   38.528334] VFS: Dquot-cache hash table entries: 512 (order 0, 4096 bytes)
[   38.567479] squashfs: version 4.0 (2009/01/31) Phillip Lougher
[   38.619092] fuse init (API version 7.23)
[   38.694696] Key type big_key registered
[   38.697488] Allocating IMA MOK and blacklist keyrings.
[   38.743591] Key type asymmetric registered
[   38.811927] Asymmetric key parser 'x509' registered
[   38.813785] Block layer SCSI generic (bsg) driver version 0.4 loaded (major 249)
[   38.814905] io scheduler noop registered
[   38.828259] io scheduler deadline registered (default)
[   38.860444] io scheduler cfq registered
[   38.861200] pci_hotplug: PCI Hot Plug PCI Core version: 0.5
[   38.879649] pciehp: PCI Express Hot Plug Controller Driver version: 0.4
[   38.947096] ACPI: AC Adapter [AC] (on-line)
[   39.015050] input: Power Button as /devices/LNXSYSTM:00/LNXPWRBN:00/input/input0
[   39.113671] tsc: Refined TSC clocksource calibration: 3602.586 MHz
[   39.158896] clocksource: tsc: mask: 0xffffffffffffffff max_cycles: 0x33edddb71be, max_idle_ns: 440795246199 ns
[   39.158951] ACPI: Power Button [PWRF]
[   39.159022] input: Sleep Button as /devices/LNXSYSTM:00/LNXSLPBN:00/input/input1
[   39.159023] ACPI: Sleep Button [SLPF]
[   39.159146] GHES: HEST is not enabled!
[   39.161092] Serial: 8250/16550 driver, 32 ports, IRQ sharing enabled
[   39.204009] 00:02: ttyS0 at I/O 0x3f8 (irq = 4, base_baud = 115200) is a 16550A
[   39.301844] Linux agpgart interface v0.103
[   39.334939] loop: module loaded
[   39.335389] scsi host0: ata_piix
[   39.335430] scsi host1: ata_piix
[   39.335450] ata1: PATA max UDMA/33 cmd 0x1f0 ctl 0x3f6 bmdma 0xd000 irq 14
[   39.335451] ata2: PATA max UDMA/33 cmd 0x170 ctl 0x376 bmdma 0xd008 irq 15
[   39.335523] libphy: Fixed MDIO Bus: probed
[   39.335525] tun: Universal TUN/TAP device driver, 1.6
[   39.335525] tun: (C) 1999-2004 Max Krasnyansky <maxk@qualcomm.com>
[   39.335750] PPP generic driver version 2.4.2
[   39.335802] ehci_hcd: USB 2.0 'Enhanced' Host Controller (EHCI) Driver
[   39.335805] ehci-pci: EHCI PCI platform driver
[   39.335812] ehci-platform: EHCI generic platform driver
[   39.335818] ohci_hcd: USB 1.1 'Open' Host Controller (OHCI) Driver
[   39.335821] ohci-pci: OHCI PCI platform driver
[   39.335826] ohci-platform: OHCI generic platform driver
[   39.335832] uhci_hcd: USB Universal Host Controller Interface driver
[   39.335873] i8042: PNP: PS/2 Controller [PNP0303:PS2K,PNP0f03:PS2M] at 0x60,0x64 irq 1,12
[   39.336284] serio: i8042 KBD port at 0x60,0x64 irq 1
[   39.336288] serio: i8042 AUX port at 0x60,0x64 irq 12
[   39.336362] mousedev: PS/2 mouse device common for all mice
[   39.336665] input: AT Translated Set 2 keyboard as /devices/platform/i8042/serio0/input/input2
[   39.337154] rtc_cmos rtc_cmos: rtc core: registered rtc_cmos as rtc0
[   39.337223] rtc_cmos rtc_cmos: alarms up to one day, 114 bytes nvram
[   39.337243] i2c /dev entries driver
[   39.337346] device-mapper: uevent: version 1.0.3
[   39.337452] device-mapper: ioctl: 4.34.0-ioctl (2015-10-28) initialised: dm-devel@redhat.com
[   39.337482] ledtrig-cpu: registered to indicate activity on CPUs
[   39.337915] NET: Registered protocol family 10
[   39.338268] NET: Registered protocol family 17
[   39.338280] Key type dns_resolver registered
[   39.338656] registered taskstats version 1
[   39.338667] Loading compiled-in X.509 certificates
[   39.339309] Loaded X.509 cert 'Build time autogenerated kernel key: f854e06633b5f496ced5b2e02c7b14f761b69302'
[   39.339325] zswap: loaded using pool lzo/zbud
[   39.379870] Key type trusted registered
[   39.382178] Key type encrypted registered
[   39.382183] AppArmor: AppArmor sha1 policy hashing enabled
[   39.382198] ima: No TPM chip found, activating TPM-bypass!
[   39.382211] evm: HMAC attrs: 0x1
[   39.382459]   Magic number: 14:300:127
[   39.382478] acpi device:02: hash matches
[   39.493393] rtc_cmos rtc_cmos: setting system clock to 2018-04-13 12:07:29 UTC (1523621249)
[   39.493501] BIOS EDD facility v0.16 2004-Jun-25, 0 devices found
[   39.493501] EDD information not available.
[   41.987283] Freeing unused kernel memory: 1508K
[   42.097113] Write protecting the kernel read-only data: 14336k
[   42.193211] Freeing unused kernel memory: 1696K
[   42.287714] Freeing unused kernel memory: 100K
Loading, please [   42.325302] random: systemd-udevd: uninitialized urandom read (16 bytes read, 7 bits of entropy available)
wait...
startin[   42.325939] random: udevadm: uninitialized urandom read (16 bytes read, 7 bits of entropy available)
g version 229
[   42.325959] random: udevadm: uninitialized urandom read (16 bytes read, 7 bits of entropy available)
[   42.332235] random: udevadm: uninitialized urandom read (16 bytes read, 7 bits of entropy available)
[   42.332264] random: udevadm: uninitialized urandom read (16 bytes read, 7 bits of entropy available)
[   42.332427] random: udevadm: uninitialized urandom read (16 bytes read, 7 bits of entropy available)
[   42.332473] random: udevadm: uninitialized urandom read (16 bytes read, 7 bits of entropy available)
[   42.332503] random: udevadm: uninitialized urandom read (16 bytes read, 7 bits of entropy available)
[   42.332537] random: udevadm: uninitialized urandom read (16 bytes read, 7 bits of entropy available)
[   42.332591] random: udevadm: uninitialized urandom read (16 bytes read, 7 bits of entropy available)
[   44.337937] e1000: Intel(R) PRO/1000 Network Driver - version 7.3.21-k8-NAPI
[   44.464994] e1000: Copyright (c) 1999-2006 Intel Corporation.
[   44.509938] Fusion MPT base driver 3.04.20
[   44.573780] Copyright (c) 1999-2008 LSI Corporation
[   44.671910] AVX2 version of gcm_enc/dec engaged.
[   44.747627] AES CTR mode by8 optimization enabled
[   44.849262] Fusion MPT SPI Host driver 3.04.20
[   44.871458] input: ImExPS/2 Generic Explorer Mouse as /devices/platform/i8042/serio1/input/input4
[   45.087863] e1000 0000:00:03.0 eth0: (PCI:33MHz:32-bit) 02:a0:c7:70:80:b4
[   45.249772] e1000 0000:00:03.0 eth0: Intel(R) PRO/1000 Network Connection
[   45.370067] mptbase: ioc0: Initiating bringup
[   45.516903] ioc0: LSI53C1030 A0: Capabilities={Initiator}
[   45.766033] scsi host2: ioc0: LSI53C1030 A0, FwRev=00000000h, Ports=1, MaxQ=256, IRQ=20
[   45.909629] scsi 2:0:0:0: Direct-Access     VBOX     HARDDISK         1.0  PQ: 0 ANSI: 5
[   46.074726] scsi target2:0:0: Beginning Domain Validation
[   46.125028] scsi target2:0:0: Domain Validation skipping write tests
[   46.215830] scsi target2:0:0: Ending Domain Validation
[   46.273180] e1000 0000:00:08.0 eth1: (PCI:33MHz:32-bit) 08:00:27:1d:17:07
[   46.273181] e1000 0000:00:08.0 eth1: Intel(R) PRO/1000 Network Connection
[   46.428247] e1000 0000:00:08.0 enp0s8: renamed from eth1
[   46.690589] scsi target2:0:0: asynchronous
[   46.697255] e1000 0000:00:03.0 enp0s3: renamed from eth0
[   46.840908] scsi 2:0:1:0: Direct-Access     VBOX     HARDDISK         1.0  PQ: 0 ANSI: 5
[   47.017988] scsi target2:0:1: Beginning Domain Validation
[   47.111802] scsi target2:0:1: Domain Validation skipping write tests
[   47.121691] scsi target2:0:1: Ending Domain Validation
[   47.170501] scsi target2:0:1: asynchronous
[   47.204909] sd 2:0:0:0: Attached scsi generic sg0 type 0
[   47.321457] sd 2:0:0:0: [sda] 20971520 512-byte logical blocks: (10.7 GB/10.0 GiB)
[   47.353821] sd 2:0:1:0: [sdb] 20480 512-byte logical blocks: (10.5 MB/10.0 MiB)
[   47.535659] floppy0: no floppy controllers found
[   47.535727] sd 2:0:0:0: [sda] Write Protect is off
[   47.535807] sd 2:0:1:0: Attached scsi generic sg1 type 0
[   47.538301] sd 2:0:0:0: [sda] Incomplete mode parameter data
[   47.538302] sd 2:0:0:0: [sda] Assuming drive cache: write through
[   47.670987] sd 2:0:1:0: [sdb] Write Protect is off
[   47.818910] sd 2:0:1:0: [sdb] Incomplete mode parameter data
[   47.958550] sd 2:0:1:0: [sdb] Assuming drive cache: write through
[   47.960496]  sda: sda1
[   47.962864] sd 2:0:1:0: [sdb] Attached SCSI disk
[   47.998291] sd 2:0:0:0: [sda] Attached SCSI disk
Begin: Loading e[   49.275806] md: linear personality registered for level -1
ssential drivers ... [   49.346462] md: multipath personality registered for level -4
[   49.456273] md: raid0 personality registered for level 0
[   49.577021] md: raid1 personality registered for level 1
[   49.728858] raid6: sse2x1   gen() 11280 MB/s
[   49.880831] raid6: sse2x1   xor()  8612 MB/s
[   50.040788] raid6: sse2x2   gen() 13708 MB/s
[   50.213258] raid6: sse2x2   xor() 10116 MB/s
[   50.388795] raid6: sse2x4   gen() 15951 MB/s
[   50.557008] raid6: sse2x4   xor() 10397 MB/s
[   50.716986] raid6: avx2x1   gen() 22709 MB/s
[   50.872905] raid6: avx2x2   gen() 24721 MB/s
[   51.020821] raid6: avx2x4   gen() 26541 MB/s
[   51.120911] raid6: using algorithm avx2x4 gen() 26541 MB/s
[   51.259401] raid6: using avx2x2 recovery algorithm
[   51.328255] xor: automatically using best checksumming function:
[   51.445009]    avx       : 21076.000 MB/sec
[   51.515709] async_tx: api initialized (async)
[   51.627218] md: raid6 personality registered for level 6
[   51.723766] md: raid5 personality registered for level 5
[   51.819436] md: raid4 personality registered for level 4
[   51.879069] md: raid10 personality registered for level 10
done.
Begin: Running /scripts/init-premount ... done.
Begin: M[   51.913802] Btrfs loaded
ounting root file system ... Begin: Running /scripts/local-top .[   51.997187] EXT4-fs (sda1): INFO: recovery required on readonly filesystem
.. done.
Begin: Running /scripts/local-premount ... Scanning fo[   52.057929] EXT4-fs (sda1): write access will be enabled during recovery
r Btrfs filesystems
done.
Warning: fsck not present, so skipping root file system
[   52.141016] EXT4-fs (sda1): recovery complete
[   52.227304] EXT4-fs (sda1): mounted filesystem with ordered data mode. Opts: (null)
done.
Begin: Running /scripts/local-bottom ... done.
Begin: Running /scripts/init-bottom ... done.
[   52.370861] systemd[1]: systemd 229 running in system mode. (+PAM +AUDIT +SELINUX +IMA +APPARMOR +SMACK +SYSVINIT +UTMP +LIBCRYPTSETUP +GCRYPT +GNUTLS +ACL +XZ -LZ4 +SECCOMP +BLKID +ELFUTILS +KMOD -IDN)
[   52.608535] systemd[1]: Detected virtualization oracle.
[   52.641089] systemd[1]: Detected architecture x86-64.

Welcome to [1mUbuntu 16.04.4 LTS[0m!

[ 5270078]system[1 St hostamtosr2c.
[   53.272811] random: nonblocking pool is initialized
[   53.447895] systemd[1]: Listening on Journal Audit Socket.
[[0;32m  OK  [0m] Listening on Journal Audit Socket.
[   53.501590] systemd[1]: Created slice User and Session Slice.
[[0;32m  OK  [0m] Created slice User and Session Slice.
[   53.593350] systemd[1]: Listening on Device-mapper event daemon FIFOs.
[[0;32m  OK  [0m] Listening on Device-mapper event daemon FIFOs.
[   53.705351] systemd[1]: Started Forward Password Requests to Wall Directory Watch.
[[0;32m  OK  [0m] Started Forward Password Requests to Wall Directory Watch.
[   53.801074] systemd[1]: Reached target Encrypted Volumes.
[[0;32m  OK  [0m] Reached target Encrypted Volumes.
[   53.941782] systemd[1]: Created slice System Slice.
[[0;32m  OK  [0m] Created slice System Slice.
[   54.049848] systemd[1]: Created slice system-serial\x2dgetty.slice.
[[0;32m  OK  [0m] Created slice system-serial\x2dgetty.slice.
[   54.234369] systemd[1]: Reached target Slices.
[[0;32m  OK  [0m] Reached target Slices.
[   54.313533] systemd[1]: Listening on Journal Socket.
[[0;32m  OK  [0m] Listening on Journal Socket.
[   54.373085] systemd[1]: Mounting POSIX Message Queue File System...
         Mounting POSIX Message Queue File System...
[   54.505230] systemd[1]: Starting Create list of required static device nodes for the current kernel...
         Starting Create list of required st... nodes for the current kernel...
[   54.621031] systemd[1]: Starting Remount Root and Kernel File Systems...
[   54.623017] EXT4-fs (sda1): re-mounted. Opts: (null)
         Starting Remount Root and Kernel File Systems...
[   54.736873] systemd[1]: Starting Nameserver information manager...
         Starting Nameserver information manager...
[   54.865025] systemd[1]: Starting Uncomplicated firewall...
         Starting Uncomplicated firewall...
[   55.013195] systemd[1]: Listening on LVM2 metadata daemon socket.
[[0;32m  OK  [0m] Listening on LVM2 metadata daemon socket.
[   55.077204] systemd[1]: Starting Monitoring of LVM2 mirrors, snapshots etc. using dmeventd or progress polling...
         Starting Monitoring of LVM2 mirrors... dmeventd or progress polling...
[   55.152916] systemd[1]: Reached target Swap.
[[0;32m  OK  [0m] Reached target Swap.
[   55.253482] systemd[1]: Started Trigger resolvconf update for networkd DNS.
[[0;32m  OK  [0m] Started Trigger resolvconf update for networkd DNS.
[   55.325165] systemd[1]: Listening on LVM2 poll daemon socket.
[[0;32m  OK  [0m] Listening on LVM2 poll daemon socket.
[   55.409339] systemd[1]: Mounting Huge Pages File System...
         Mounting Huge Pages File System...
[   55.580938] systemd[1]: Starting Load Kernel Modules...
[   55831] Ladg CStrspt asv2-8.          Startin[   56.255050] iscsi: registered transport (tcp)
g Load Kernel Modules...
[   56.378204] iscsi: registered transport (iser)
[   57.361268] systemd[1]: Mounting Debug File System...
         Mounting Debug File System...
[   57.477158] systemd[1]: Listening on udev Kernel Socket.
[[0;32m  OK  [0m] Listening on udev Kernel Socket.
[   57.609402] systemd[1]: Listening on Syslog Socket.
[[0;32m  OK  [0m] Listening on Syslog Socket.
[   57.650582] systemd[1]: Listening on /dev/initctl Compatibility Named Pipe.
[[0;32m  OK  [0m] Listening on /dev/initctl Compatibility Named Pipe.
[   57.717191] systemd[1]: Starting Set console keymap...
         Starting Set console keymap...
[   57.785014] systemd[1]: Set up automount Arbitrary Executable File Formats File System Automount Point.
[[0;32m  OK  [0m] Set up automount Arbitrary Executab...ats File System Automount Point.
[   57.909698] systemd[1]: Listening on Journal Socket (/dev/log).
[[0;32m  OK  [0m] Listening on Journal Socket (/dev/log).
[   58.049208] systemd[1]: Starting Journal Service...
         Starting Journal Service...
[   58.121219] systemd[1]: Reached target User and Group Name Lookups.
[[0;32m  OK  [0m] Reached target User and Group Name Lookups.
[   58.189183] systemd[1]: Listening on udev Control Socket.
[[0;32m  OK  [0m] Listening on udev Control Socket.
[   58.225536] systemd[1]: Mounted Debug File System.
[[0;32m  OK  [0m] Mounted Debug File System.
[   58.261341] systemd[1]: Mounted POSIX Message Queue File System.
[[0;32m  OK  [0m] Mounted POSIX Message Queue Fiie System.
[   58.345025] systemd[1]: Mounted Huge Pages File System.
[[0;32m  OK  [0m] Mounted Huge Pages File System.
[   58.429123] systemd[1]: Started Journal Service.
[[0;32m  OK  [0m] Started Journal Service.
[[0;32m  OK  [0m] Started Create list of required sta...ce nodes for the current kernel.
[[0;32m  OK  [0m] Started Remount Root and Kernel File Systems.
[[0;32m  OK  [0m] Started Uncomplicated firewall.
[[0;32m  OK  [0m] Started Load Kernel Modules.
[[0;32m  OK  [0m] Started Set console keymap.
[[0;32m  OK  [0m] Started Nameserver information manager.
[[0;32m  OK  [0m] Started LVM2 metadata daemon.
         Starting Apply Kernel Variables...
         Mounting FUSE Control File System...
         Starting Initial cloud-init job (pre-networking)...
         Starting udev Coldplug all Devices...
         Starting Load/Save Random Seed...
         Starting Create Static Device Nodes in /dev...
         Starting Flush Journal to Persistent Storage...
[[0;32m  OK  [0m] Mounted FUSE Control File System.
[[0;32m  OK  [0m] Started Monitoring of LVM2 mirrors,...ng dmeventd or progress polling.
[[0;32m  OK  [0m] Started Apply Kernel Variables.
[[0;32m  OK  [0m] Started Load/Save Random Seed.
[[0;32m  OK  [0m] Started Create Static Device Nodes in /dev.
[[0;32m  OK  [0m] Started udev Coldplug all Devices.
[[0;32m  OK  [0m] Started Flush Journal to Persistent Storage.
         Starting udev Kernel Device Manager...
[[0;32m  OK  [0m] Started udev Kernel Device Manager.
[[0;32m  OK  [0m] Reached target Local File Systems (Pre).
[[0;32m  OK  [0m] Reached target Local File Systems.
[   24.609055] cloud-init[454]: Cloud-init v. 17.2 running 'init-local' at Fri, 13 Apr 2018 12:07:49 +0000. Up 24.40 seconds.
         Starting LSB: AppArmor initialization...
         Starting Set console font and keymap...
         Starting Tell Plymouth To Write Out Runtime Data...
         Starting Create Volatile Files and Directories...
[[0;32m  OK  [0m] Started Dispatch Password Requests to Console Directory Watch.
[[0;32m  OK  [0m] Started Tell Plymouth To Write Out Runtime Data.
[[0;32m  OK  [0m] Started Create Volatile Files and Directories.
[[0;32m  OK  [0m] Started Set console font and keymap.
[[0;32m  OK  [0m] Started Initial cloud-init job (pre-networking).
[[0;32m  OK  [0m] Found device /dev/ttyS0.
[[0;32m  OK  [0m] Listening on Load/Save RF Kill Switch Status /dev/rfkill Watch.
[[0;32m  OK  [0m] Reached target Network (Pre).
[[0;32m  OK  [0m] Created slice system-getty.slice.
         Starting Update UTMP about System Boot/Shutdown...
[[0;32m  OK  [0m] Reached target System Time Synchronized.
[[0;32m  OK  [0m] Started LSB: AppArmor initialization.
         Starting Raise network interfaces...
[[0;32m  OK  [0m] Started ifup for enp0s3.
[[0;32m  OK  [0m] Started ifup for enp0s8.
[[0;32m  OK  [0m] Started Update UTMP about System Boot/Shutdown.
[[0;32m  OK  [0m] Started Raise network interfaces.
         Starting Initial cloud-init job (metadata service crawlee)...
[[0;32m  OK  [0m] Reached target Network.
[   28.283575] cloud-init[1054]: Cloud-init v. 17.2 running 'init' at Fri, 13 Apr 2018 12:07:53 +0000. Up 28.06 seconds.
[   28.408581] cloud-init[1054]: ci-info: ++++++++++++++++++++++++++++++++++++++Net device info++++++++++++++++++++++++++++++++++++++
[   28.476587] cloud-init[1054]: ci-info: +--------+------+-----------------------------+---------------+-------+-------------------+
[   28.560581] cloud-init[1054]: ci-info: | Device |  Up  |           Address           |      Mask     | Scope |     Hw-Address    |
[   28.672767] cloud-init[1054]: ci-info: +--------+------+-----------------------------+---------------+-------+-------------------+
[   28.756518] cloud-init[1054]: ci-info: | enp0s3 | True |          10.0.2.15          | 255.255.255.0 |   .   | 02:a0:c7:70:80:b4 |
[[0;32m  OK  [0m] Started Initial cloud-init job (metadata service crawler).
[[0;32m  OK  [0m] Reached target Network is Online.
[   28.849461] cloud-init[1054]: ci-info: | enp0s3 | True |  fe80::a0:c7ff:fe70:80b4/64 |       .       |  link | 02:a0:c7:70:80:b4 |
[   28.984247]          cloud-initStarting iSCSI initiator daemon (iscsid)...[1054]: 
ci-info: | enp0s8 | True |          10.1.0.113         | 255.255.255.0 |   .   | 08:00:27:1d:17:07 |
[   29.128260] [cloud-init[0;32m  OK  [0m[1054]: ] ci-info: | enp0s8 | True | fe80::a00:27ff:fe1d:1707/64 |       .       |  link | 08:00:27:1d:17:07 |Reached target System Initialization.

[[0;32m  OK  [0m] Listening on D-Bus System Message Bus Socket.
[   29.128578] cloud-init[1054]: ci-info: |   lo   | True |          127.0.0.1          |   255.000.0   |   .   |         .         |
[   29.392895]          cloud-initStarting Docker Socket for the API.[1054]: 
ci-info: |   lo   | True |           ::1/128           |       .       |  host |         .         |
[   29.576628]          cloud-initStarting LXD - unix socket.[1054]: 
ci-info: +--------+------+-----------------------------+---------------+-------+-------------------+
[   29.712572] [cloud-init[0;32m  OK  [0m[1054]: ] ci-info: +++++++++++++++++++++++++++Route IPv4 info++++++++++++++++++++++++++++Listening on ACPID Listen Socket.

[   29.712911] cloud-init[1054]: ci-info: +-------+-------------+----------+---------------+-----------+-------+
[   29.912773] [cloud-init[0;32m  OK  [0m[1054]: ] ci-info: | Route | Destination | Gateway  |    Genmask    | Interface | Flags |Started ACPI Events Check.

[   30.080615] [cloud-init[0;32m  OK  [0m[1054]: ] ci-info: +-------+-------------+----------+---------------+-----------+-------+Reached target Paths.

[[0;32m  OK  [0m] Listening on UUID daemon activation socket.
[[0;32m  OK  [0m] Started Daily Cleanup of Temporary Directories.
[   30.080957] cloud-init[1054]: ci-info: |   0   |   0.0.0.0   | 10.0.2.2 |    0.0.0.0    |   enp0s3  |   UG  |
[   30.420519] [cloud-init[0;32m  OK  [0m[1054]: ] ci-info: |   1   |   10.0.2.0  | 0.0.0.0  | 255.255.255.0 |   enp0s3  |   U   |Started Daily apt download activities.

[[0;32m  OK  [0m] Started Daily apt upgrade and clean activities.
[[0;32m  OK  [0m] Started Timer to automatically refresh installed snaps.
[   30.420839] cloud-init[1054]: ci-info: |   2   |   10.1.0.0  | 0.0.0.0  | 255.255.255.0 |   enp0s8  |   U   |
[[0;32m  OK  [0m] Reached target Timers.
         Starting Socket activation for snappy daemon.
[[0;32m  OK  [0m] Reached target Cloud-config availability.
[   30.509165] cloud-init[1054]: ci-info: +-------+-------------+----------+---------------+-----------+-------+
[[0;32m  OK  [0m] Listening on Docker Socket for the API.
[[0;32m  OK  [0m] Listening on LXD - unix socket.
[[0;32m  OK  [0m] Listening on Socket activation for snappy daemon.
[[0;32m  OK  [0m] Started iSCSI initiator daemon (iscsid).
         Starting Login to default iSCSI targets...
[[0;32m  OK  [0m] Reached target Sockets.
[[0;32m  OK  [0m] Reached target Basic System.
         Starting Docker Application Container Engine...
         Starting /etc/rc.local Compatibility...
         Starting OpenBSD Secure Shell server...
[[0;32m  OK  [0m] Started FUSE filesystem for LXC.
[[0;32m  OK  [0m] Started Unattended Upgrades Shutdown.
         Starting Accounts Service...
         Starting Login Service...
         Starting LXD - container startup/shutdown...
[[0;32m  OK  [0m] Started Deferred execution scheduler.
         Starting LSB: MD monitoring daemon...
[[0;32m  OK  [0m] Started ACPI event daemon.
[[0;32m  OK  [0m] Started D-Bus System Message Bus.
         Starting LSB: Record successful boot for GRUB...
[[0;32m  OK  [0m] Started Regular background program processing daemon.
         Starting Apply the settings specified in cloud-config...
         Starting Snappy daemon...
         Starting System Logging Service...
[[0;32m  OK  [0m] Started OpenBSD Secure Shell server.
[[0;32m  OK  [0m] Started Docker Application Container Engine.
[[0;32m  OK  [0m] Started System Logging Service.
[[0;32m  OK  [0m] Started Snappy daemon.
[[0;32m  OK  [0m] Started /etc/rc.local Compatibility.
[   32.258102] cloud-init[1385]: Cloud-init v. 17.2 running 'modules:config' at Fri, 13 Apr 2018 12:07:57 +0000. Up 32.16 seconds.
[[0;32m  OK  [0m] Started LXD - container startup/shutdown.
[[0;32m  OK  [0m] Started Apply the settings specified in cloud-config.
[[0;32m  OK  [0m] Started Login to default iSCSI targets.
[[0;32m  OK  [0m] Started LSB: MD monitoring daemon.
[[0;32m  OK  [0m] Started LSB: Record successful boot for GRUB.
[[0;32m  OK  [0m] Started Login Service.
         Starting Authenticate and Authorize Users to Run Privileged Tasks...
[[0;32m  OK  [0m] Reached target Remote File Systems (Pre).
[[0;32m  OK  [0m] Reached target Remote File Systems.
         Starting LSB: automatic crash report generation...
         Starting LSB: daemon to balance interrupts for SMP systems...
         Starting LSB: VirtualBox Linux Additions...
         Starting Permit User Sessions...
         Starting LSB: Set the CPU Frequency Scaling governor to "ondemand"...
         Starting LSB: Set up cgroupfs mounts....
[[0;32m  OK  [0m] Started Permit User Sessions.
[[0;32m  OK  [0m] Started LSB: Set up cgroupfs mounts..
[[0;32m  OK  [0m] Started Authenticate and Authorize Users to Run Privileged Tasks.
[[0;32m  OK  [0m] Started Accounts Service.
[[0;32m  OK  [0m] Created slice User Slice of vagrant.
         Starting User Manager for UID 1000...
[[0;32m  OK  [0m] Started Session 1 of user vagrant.
         Starting Hold until boot process finishes up...
         Starting Terminate Plymouth Boot Screen...
[[0;32m  OK  [0m] Started User Manager for UID 1000.
[[0;32m  OK  [0m] Started LSB: automatic crash report generation.
[[0;32m  OK  [0m] Started LSB: daemon to balance interrupts for SMP systems.
[[0;32m  OK  [0m] Started LSB: VirtualBox Linux Additions.
[[0;32m  OK  [0m] Started LSB: Set the CPU Frequency Scaling governor to "ondemand".
[[0;32m  OK  [0m] Started Hold until boot process finishes up.
[[0;32m  OK  [0m] Started Terminate Plymouth Boot Screen.
[[0;32m  OK  [0m] Started Getty on tty1.
[[0;32m  OK  [0m] Started Serial Getty on ttyS0.
[[0;32m  OK  [0m] Reached target Login Prompts.
         Starting Set console scheme...
[[0;32m  OK  [0m] Reached target Multi-User System.
         Starting Execute cloud user/final scripts...
[[0;32m  OK  [0m] Reached target Graphical Interface.
         Starting Update UTMP about System Runlevel Changes...
[[0;32m  OK  [0m] Started Set console scheme.
[[0;32m  OK  [0m] Started Update UTMP about System Runlevel Changes.
[   34.409929] cloud-init[1530]: Cloud-init v. 17.2 running 'modules:final' at Fri, 13 Apr 2018 12:07:59 +0000. Up 34.31 seconds.
[   34.510258] cloud-init[1530]: Cloud-init v. 17.2 finished at Fri, 13 Apr 2018 12:07:59 +0000. Datasource DataSourceNoCloud [seed=/dev/sdb][dsmode=net].  Up 34.40 seconds
[[0;32m  OK  [0m] Started Execute cloud user/final scripts.
[[0;32m  OK  [0m] Reached target Cloud-init target.

Ubuntu 16.04.4 LTS srv02ci ttyS0

srv02ci login: 